#
# There is insufficient memory for the Java Runtime Environment to continue.
# Native memory allocation (mmap) failed to map 473956352 bytes. Error detail: G1 virtual space
# Possible reasons:
#   The system is out of physical RAM or swap space
#   This process is running with CompressedOops enabled, and the Java Heap may be blocking the growth of the native heap
# Possible solutions:
#   Reduce memory load on the system
#   Increase physical memory or swap space
#   Check if swap backing store is full
#   Decrease Java heap size (-Xmx/-Xms)
#   Decrease number of Java threads
#   Decrease Java thread stack sizes (-Xss)
#   Set larger code cache with -XX:ReservedCodeCacheSize=
#   JVM is running with Zero Based Compressed Oops mode in which the Java heap is
#     placed in the first 32GB address space. The Java Heap base address is the
#     maximum limit for the native heap growth. Please use -XX:HeapBaseMinAddress
#     to set the Java Heap base and to place the Java Heap above 32GB virtual address.
# This output file may be truncated or incomplete.
#
#  Out of Memory Error (os_windows.cpp:3714), pid=10404, tid=2400
#
# JRE version: OpenJDK Runtime Environment Temurin-21.0.11+10 (21.0.11+10) (build 21.0.11+10-LTS)
# Java VM: OpenJDK 64-Bit Server VM Temurin-21.0.11+10 (21.0.11+10-LTS, mixed mode, sharing, tiered, compressed oops, compressed class ptrs, g1 gc, windows-amd64)
# No core dump will be written. Minidumps are not enabled by default on client versions of Windows
#

---------------  S U M M A R Y ------------

Command Line: --add-opens=java.base/java.lang=ALL-UNNAMED --add-opens=java.base/java.lang.invoke=ALL-UNNAMED --add-opens=java.base/java.util=ALL-UNNAMED --add-opens=java.prefs/java.util.prefs=ALL-UNNAMED --add-exports=jdk.compiler/com.sun.tools.javac.api=ALL-UNNAMED --add-exports=jdk.compiler/com.sun.tools.javac.util=ALL-UNNAMED --add-opens=java.base/java.util=ALL-UNNAMED --add-opens=java.prefs/java.util.prefs=ALL-UNNAMED --add-opens=java.base/java.nio.charset=ALL-UNNAMED --add-opens=java.base/java.net=ALL-UNNAMED --add-opens=java.base/java.util.concurrent=ALL-UNNAMED --add-opens=java.base/java.util.concurrent.atomic=ALL-UNNAMED --add-opens=java.xml/javax.xml.namespace=ALL-UNNAMED --add-opens=java.base/java.time=ALL-UNNAMED -XX:MaxMetaspaceSize=4G -XX:ReservedCodeCacheSize=512m -XX:+HeapDumpOnOutOfMemoryError -Xmx8G -Dfile.encoding=UTF-8 -Duser.country=IN -Duser.language=en -Duser.variant -javaagent:C:\Users\sree0\.gradle\wrapper\dists\gradle-9.1.0-all\7wzd0jkjit61aq2p43wpjgij9\gradle-9.1.0\lib\agents\gradle-instrumentation-agent-9.1.0.jar org.gradle.launcher.daemon.bootstrap.GradleDaemon 9.1.0

Host: 11th Gen Intel(R) Core(TM) i3-1115G4 @ 3.00GHz, 4 cores, 7G,  Windows 11 , 64 bit Build 26100 (10.0.26100.8875)
Time: Tue Jul 21 17:39:03 2026 India Standard Time elapsed time: 406.229716 seconds (0d 0h 6m 46s)

---------------  T H R E A D  ---------------

Current thread (0x000001a5e413f8c0):  VMThread "VM Thread"          [id=2400, stack(0x000000292c500000,0x000000292c600000) (1024K)]

Stack: [0x000000292c500000,0x000000292c600000]
Native frames: (J=compiled Java code, j=interpreted, Vv=VM code, C=native code)
V  [jvm.dll+0x6d7e19]
V  [jvm.dll+0x8b5096]
V  [jvm.dll+0x8b764e]
V  [jvm.dll+0x8b7d33]
V  [jvm.dll+0x284596]
V  [jvm.dll+0x6d4735]
V  [jvm.dll+0x6c845a]
V  [jvm.dll+0x35ef08]
V  [jvm.dll+0x366b46]
V  [jvm.dll+0x3b7c2e]
V  [jvm.dll+0x3b7ed8]
V  [jvm.dll+0x33310c]
V  [jvm.dll+0x333197]
V  [jvm.dll+0x376f6c]
V  [jvm.dll+0x37570e]
V  [jvm.dll+0x332851]
V  [jvm.dll+0x374d7a]
V  [jvm.dll+0x8bda20]
V  [jvm.dll+0x8bed94]
V  [jvm.dll+0x8bf2c0]
V  [jvm.dll+0x8bf563]
V  [jvm.dll+0x85fb0d]
V  [jvm.dll+0x6d664d]
C  [ucrtbase.dll+0x2cd30]
C  [KERNEL32.DLL+0x2e957]
C  [ntdll.dll+0xaad6c]

VM_Operation (0x00000029304fc550): G1CollectForAllocation, mode: safepoint, requested by thread 0x000001a643d08800


---------------  P R O C E S S  ---------------

Threads class SMR info:
_java_thread_list=0x000001a632f92290, length=87, elements={
0x000001a5b4b91ed0, 0x000001a5e415dfe0, 0x000001a5e41635d0, 0x000001a5e4166bb0,
0x000001a5e4169a20, 0x000001a5e416a480, 0x000001a5e416aee0, 0x000001a5e416bc70,
0x000001a5e4172a50, 0x000001a5e4669360, 0x000001a5e47c37e0, 0x000001a62b5b3060,
0x000001a5e45d3bf0, 0x000001a62b3ee890, 0x000001a62aa59d80, 0x000001a62aa5a7c0,
0x000001a62b7f0720, 0x000001a62b83bd40, 0x000001a62b85f6a0, 0x000001a62b85fd30,
0x000001a62b85f010, 0x000001a62b860a50, 0x000001a62b8603c0, 0x000001a62b85e980,
0x000001a62d0dcff0, 0x000001a62d0dc2d0, 0x000001a62d0dd680, 0x000001a62d0dbc40,
0x000001a62d0da890, 0x000001a62d0daf20, 0x000001a62d0dc960, 0x000001a62d0ddd10,
0x000001a62d0db5b0, 0x000001a62d0df0c0, 0x000001a643a70530, 0x000001a643a718e0,
0x000001a643a6fea0, 0x000001a62e68fcf0, 0x000001a62c631c90, 0x000001a62c6308e0,
0x000001a62c630f70, 0x000001a62c631600, 0x000001a62c632320, 0x000001a62c62fbc0,
0x000001a62c62eea0, 0x000001a62c6329b0, 0x000001a62c62f530, 0x000001a62c6336d0,
0x000001a62c6357a0, 0x000001a62c633040, 0x000001a62c6343f0, 0x000001a62c634a80,
0x000001a62c635110, 0x000001a643d08e90, 0x000001a643d0af60, 0x000001a643d08800,
0x000001a643d0c9a0, 0x000001a643d0d6c0, 0x000001a643d09520, 0x000001a635833570,
0x000001a635834290, 0x000001a6358369f0, 0x000001a635834920, 0x000001a635836360,
0x000001a635834fb0, 0x000001a635835cd0, 0x000001a635837080, 0x000001a635833c00,
0x000001a635839150, 0x000001a635839e70, 0x000001a63583a500, 0x000001a63583ab90,
0x000001a635837da0, 0x000001a635838430, 0x000001a635838ac0, 0x000001a6358397e0,
0x000001a643d07ae0, 0x000001a643d0a240, 0x000001a644601690, 0x000001a6446023b0,
0x000001a644601000, 0x000001a643a6d740, 0x000001a643d09bb0, 0x000001a62e68dc20,
0x000001a62d0dea30, 0x000001a62e68e2b0, 0x000001a643a71250
}

Java Threads: ( => current thread )
  0x000001a5b4b91ed0 JavaThread "main"                              [_thread_blocked, id=13184, stack(0x000000292bd00000,0x000000292be00000) (1024K)]
  0x000001a5e415dfe0 JavaThread "Reference Handler"          daemon [_thread_blocked, id=14164, stack(0x000000292c600000,0x000000292c700000) (1024K)]
  0x000001a5e41635d0 JavaThread "Finalizer"                  daemon [_thread_blocked, id=12048, stack(0x000000292c700000,0x000000292c800000) (1024K)]
  0x000001a5e4166bb0 JavaThread "Signal Dispatcher"          daemon [_thread_blocked, id=1652, stack(0x000000292c800000,0x000000292c900000) (1024K)]
  0x000001a5e4169a20 JavaThread "Attach Listener"            daemon [_thread_blocked, id=4104, stack(0x000000292c900000,0x000000292ca00000) (1024K)]
  0x000001a5e416a480 JavaThread "Service Thread"             daemon [_thread_blocked, id=5552, stack(0x000000292ca00000,0x000000292cb00000) (1024K)]
  0x000001a5e416aee0 JavaThread "Monitor Deflation Thread"   daemon [_thread_blocked, id=2472, stack(0x000000292cb00000,0x000000292cc00000) (1024K)]
  0x000001a5e416bc70 JavaThread "C2 CompilerThread0"         daemon [_thread_blocked, id=2336, stack(0x000000292cc00000,0x000000292cd00000) (1024K)]
  0x000001a5e4172a50 JavaThread "C1 CompilerThread0"         daemon [_thread_blocked, id=6700, stack(0x000000292cd00000,0x000000292ce00000) (1024K)]
  0x000001a5e4669360 JavaThread "Common-Cleaner"             daemon [_thread_blocked, id=10588, stack(0x000000292ce00000,0x000000292cf00000) (1024K)]
  0x000001a5e47c37e0 JavaThread "Notification Thread"        daemon [_thread_blocked, id=2284, stack(0x000000292cf00000,0x000000292d000000) (1024K)]
  0x000001a62b5b3060 JavaThread "Daemon health stats"               [_thread_blocked, id=12360, stack(0x000000292d300000,0x000000292d400000) (1024K)]
  0x000001a5e45d3bf0 JavaThread "Incoming local TCP Connector on port 61340"        [_thread_in_native, id=13656, stack(0x000000292d400000,0x000000292d500000) (1024K)]
  0x000001a62b3ee890 JavaThread "Daemon periodic checks"            [_thread_blocked, id=16088, stack(0x000000292d500000,0x000000292d600000) (1024K)]
  0x000001a62aa59d80 JavaThread "Daemon"                            [_thread_blocked, id=16344, stack(0x000000292d600000,0x000000292d700000) (1024K)]
  0x000001a62aa5a7c0 JavaThread "Handler for socket connection from /127.0.0.1:61340 to /127.0.0.1:61341"        [_thread_in_native, id=12848, stack(0x000000292d700000,0x000000292d800000) (1024K)]
  0x000001a62b7f0720 JavaThread "Cancel handler"                    [_thread_blocked, id=9532, stack(0x000000292d800000,0x000000292d900000) (1024K)]
  0x000001a62b83bd40 JavaThread "Daemon worker"                     [_thread_blocked, id=11572, stack(0x000000292d900000,0x000000292da00000) (1024K)]
  0x000001a62b85f6a0 JavaThread "Asynchronous log dispatcher for DefaultDaemonConnection: socket connection from /127.0.0.1:61340 to /127.0.0.1:61341"        [_thread_blocked, id=13416, stack(0x000000292da00000,0x000000292db00000) (1024K)]
  0x000001a62b85fd30 JavaThread "Stdin handler"                     [_thread_blocked, id=16416, stack(0x000000292db00000,0x000000292dc00000) (1024K)]
  0x000001a62b85f010 JavaThread "Daemon client event forwarder"        [_thread_blocked, id=12792, stack(0x000000292dc00000,0x000000292dd00000) (1024K)]
  0x000001a62b860a50 JavaThread "Cache worker for journal cache (C:\Users\sree0\.gradle\caches\journal-1)"        [_thread_blocked, id=16104, stack(0x000000292dd00000,0x000000292de00000) (1024K)]
  0x000001a62b8603c0 JavaThread "File lock request listener"        [_thread_in_native, id=16092, stack(0x000000292de00000,0x000000292df00000) (1024K)]
  0x000001a62b85e980 JavaThread "Cache worker for file hash cache (C:\Users\sree0\.gradle\caches\9.1.0\fileHashes)"        [_thread_blocked, id=6008, stack(0x000000292df00000,0x000000292e000000) (1024K)]
  0x000001a62d0dcff0 JavaThread "Cache worker for file hash cache (C:\Users\sree0\Downloads\Duplicate_File_Finder\duplicate_finder_ui\android\.gradle\9.1.0\fileHashes)"        [_thread_blocked, id=3152, stack(0x000000292e000000,0x000000292e100000) (1024K)]
  0x000001a62d0dc2d0 JavaThread "Cache worker for Build Output Cleanup Cache (C:\Users\sree0\Downloads\Duplicate_File_Finder\duplicate_finder_ui\android\.gradle\buildOutputCleanup)"        [_thread_blocked, id=2008, stack(0x000000292e100000,0x000000292e200000) (1024K)]
  0x000001a62d0dd680 JavaThread "File watcher server"        daemon [_thread_in_native, id=3116, stack(0x000000292e200000,0x000000292e300000) (1024K)]
  0x000001a62d0dbc40 JavaThread "File watcher consumer"      daemon [_thread_blocked, id=15380, stack(0x000000292e300000,0x000000292e400000) (1024K)]
  0x000001a62d0da890 JavaThread "Cache worker for checksums cache (C:\Users\sree0\Downloads\Duplicate_File_Finder\duplicate_finder_ui\android\.gradle\9.1.0\checksums)"        [_thread_blocked, id=3212, stack(0x000000292e400000,0x000000292e500000) (1024K)]
  0x000001a62d0daf20 JavaThread "Cache worker for file content cache (C:\Users\sree0\.gradle\caches\9.1.0\fileContent)"        [_thread_blocked, id=15340, stack(0x000000292e500000,0x000000292e600000) (1024K)]
  0x000001a62d0dc960 JavaThread "Cache worker for cache directory md-supplier (C:\Users\sree0\.gradle\caches\9.1.0\md-supplier)"        [_thread_blocked, id=14648, stack(0x000000292e600000,0x000000292e700000) (1024K)]
  0x000001a62d0ddd10 JavaThread "Cache worker for cache directory md-rule (C:\Users\sree0\.gradle\caches\9.1.0\md-rule)"        [_thread_blocked, id=14048, stack(0x000000292e700000,0x000000292e800000) (1024K)]
  0x000001a62d0db5b0 JavaThread "Cache worker for Build Output Cleanup Cache (C:\Users\sree0\Downloads\flutter_windows_3.44.7-stable\flutter\packages\flutter_tools\gradle\.gradle\buildOutputCleanup)"        [_thread_blocked, id=2800, stack(0x000000292bc00000,0x000000292bd00000) (1024K)]
  0x000001a62d0df0c0 JavaThread "Kotlin DSL Writer"                 [_thread_blocked, id=10096, stack(0x000000292be00000,0x000000292bf00000) (1024K)]
  0x000001a643a70530 JavaThread "Unconstrained build operations"        [_thread_blocked, id=23420, stack(0x000000292ef00000,0x000000292f000000) (1024K)]
  0x000001a643a718e0 JavaThread "Unconstrained build operations Thread 2"        [_thread_blocked, id=23424, stack(0x000000292f000000,0x000000292f100000) (1024K)]
  0x000001a643a6fea0 JavaThread "Unconstrained build operations Thread 3"        [_thread_blocked, id=23428, stack(0x000000292f100000,0x000000292f200000) (1024K)]
  0x000001a62e68fcf0 JavaThread "Unconstrained build operations Thread 4"        [_thread_blocked, id=21736, stack(0x000000292f200000,0x000000292f300000) (1024K)]
  0x000001a62c631c90 JavaThread "Unconstrained build operations Thread 5"        [_thread_blocked, id=21072, stack(0x000000292f300000,0x000000292f400000) (1024K)]
  0x000001a62c6308e0 JavaThread "Unconstrained build operations Thread 6"        [_thread_blocked, id=21080, stack(0x000000292f400000,0x000000292f500000) (1024K)]
  0x000001a62c630f70 JavaThread "Unconstrained build operations Thread 7"        [_thread_blocked, id=23248, stack(0x000000292f500000,0x000000292f600000) (1024K)]
  0x000001a62c631600 JavaThread "Unconstrained build operations Thread 8"        [_thread_blocked, id=23252, stack(0x000000292f600000,0x000000292f700000) (1024K)]
  0x000001a62c632320 JavaThread "Unconstrained build operations Thread 9"        [_thread_blocked, id=18108, stack(0x000000292f700000,0x000000292f800000) (1024K)]
  0x000001a62c62fbc0 JavaThread "Unconstrained build operations Thread 10"        [_thread_blocked, id=23320, stack(0x000000292f800000,0x000000292f900000) (1024K)]
  0x000001a62c62eea0 JavaThread "Unconstrained build operations Thread 11"        [_thread_blocked, id=23304, stack(0x000000292f900000,0x000000292fa00000) (1024K)]
  0x000001a62c6329b0 JavaThread "Unconstrained build operations Thread 12"        [_thread_blocked, id=23364, stack(0x000000292fa00000,0x000000292fb00000) (1024K)]
  0x000001a62c62f530 JavaThread "Unconstrained build operations Thread 13"        [_thread_blocked, id=23368, stack(0x000000292fb00000,0x000000292fc00000) (1024K)]
  0x000001a62c6336d0 JavaThread "Unconstrained build operations Thread 14"        [_thread_blocked, id=23532, stack(0x000000292fc00000,0x000000292fd00000) (1024K)]
  0x000001a62c6357a0 JavaThread "Unconstrained build operations Thread 15"        [_thread_blocked, id=17788, stack(0x000000292fd00000,0x000000292fe00000) (1024K)]
  0x000001a62c633040 JavaThread "Unconstrained build operations Thread 16"        [_thread_blocked, id=1908, stack(0x000000292fe00000,0x000000292ff00000) (1024K)]
  0x000001a62c6343f0 JavaThread "Unconstrained build operations Thread 17"        [_thread_blocked, id=19852, stack(0x000000292ff00000,0x0000002930000000) (1024K)]
  0x000001a62c634a80 JavaThread "Unconstrained build operations Thread 18"        [_thread_blocked, id=16624, stack(0x0000002930000000,0x0000002930100000) (1024K)]
  0x000001a62c635110 JavaThread "Unconstrained build operations Thread 19"        [_thread_blocked, id=10220, stack(0x0000002930100000,0x0000002930200000) (1024K)]
  0x000001a643d08e90 JavaThread "Unconstrained build operations Thread 20"        [_thread_blocked, id=23152, stack(0x0000002930200000,0x0000002930300000) (1024K)]
  0x000001a643d0af60 JavaThread "Unconstrained build operations Thread 21"        [_thread_blocked, id=23192, stack(0x0000002930300000,0x0000002930400000) (1024K)]
  0x000001a643d08800 JavaThread "Unconstrained build operations Thread 22"        [_thread_blocked, id=23184, stack(0x0000002930400000,0x0000002930500000) (1024K)]
  0x000001a643d0c9a0 JavaThread "Memory manager"                    [_thread_blocked, id=16988, stack(0x000000292eb00000,0x000000292ec00000) (1024K)]
  0x000001a643d0d6c0 JavaThread "build event listener"              [_thread_blocked, id=19600, stack(0x0000002930700000,0x0000002930800000) (1024K)]
  0x000001a643d09520 JavaThread "included builds"                   [_thread_blocked, id=20204, stack(0x000000292ed00000,0x000000292ee00000) (1024K)]
  0x000001a635833570 JavaThread "Execution worker"                  [_thread_blocked, id=20192, stack(0x000000292ee00000,0x000000292ef00000) (1024K)]
  0x000001a635834290 JavaThread "Execution worker Thread 2"         [_thread_blocked, id=20196, stack(0x0000002930800000,0x0000002930900000) (1024K)]
  0x000001a6358369f0 JavaThread "Execution worker Thread 3"         [_thread_blocked, id=20132, stack(0x0000002930900000,0x0000002930a00000) (1024K)]
  0x000001a635834920 JavaThread "Cache worker for execution history cache (C:\Users\sree0\Downloads\flutter_windows_3.44.7-stable\flutter\packages\flutter_tools\gradle\.gradle\9.1.0\executionHistory)"        [_thread_blocked, id=20208, stack(0x0000002930a00000,0x0000002930b00000) (1024K)]
  0x000001a635836360 JavaThread "Unconstrained build operations Thread 23"        [_thread_blocked, id=20276, stack(0x0000002930b00000,0x0000002930c00000) (1024K)]
  0x000001a635834fb0 JavaThread "Unconstrained build operations Thread 24"        [_thread_blocked, id=20288, stack(0x0000002930c00000,0x0000002930d00000) (1024K)]
  0x000001a635835cd0 JavaThread "Unconstrained build operations Thread 25"        [_thread_blocked, id=20292, stack(0x0000002930d00000,0x0000002930e00000) (1024K)]
  0x000001a635837080 JavaThread "Unconstrained build operations Thread 26"        [_thread_blocked, id=22852, stack(0x0000002930500000,0x0000002930600000) (1024K)]
  0x000001a635833c00 JavaThread "Unconstrained build operations Thread 27"        [_thread_blocked, id=21640, stack(0x0000002930600000,0x0000002930700000) (1024K)]
  0x000001a635839150 JavaThread "Unconstrained build operations Thread 28"        [_thread_blocked, id=22824, stack(0x0000002930e00000,0x0000002930f00000) (1024K)]
  0x000001a635839e70 JavaThread "Unconstrained build operations Thread 29"        [_thread_blocked, id=20024, stack(0x0000002930f00000,0x0000002931000000) (1024K)]
  0x000001a63583a500 JavaThread "Unconstrained build operations Thread 30"        [_thread_blocked, id=21696, stack(0x0000002931000000,0x0000002931100000) (1024K)]
  0x000001a63583ab90 JavaThread "Unconstrained build operations Thread 31"        [_thread_blocked, id=20096, stack(0x0000002931100000,0x0000002931200000) (1024K)]
  0x000001a635837da0 JavaThread "Unconstrained build operations Thread 32"        [_thread_blocked, id=20060, stack(0x0000002931200000,0x0000002931300000) (1024K)]
  0x000001a635838430 JavaThread "Unconstrained build operations Thread 33"        [_thread_blocked, id=20056, stack(0x0000002931300000,0x0000002931400000) (1024K)]
  0x000001a635838ac0 JavaThread "Unconstrained build operations Thread 34"        [_thread_blocked, id=21584, stack(0x0000002931400000,0x0000002931500000) (1024K)]
  0x000001a6358397e0 JavaThread "Unconstrained build operations Thread 35"        [_thread_blocked, id=15028, stack(0x0000002931500000,0x0000002931600000) (1024K)]
  0x000001a643d07ae0 JavaThread "Unconstrained build operations Thread 36"        [_thread_blocked, id=11432, stack(0x0000002931600000,0x0000002931700000) (1024K)]
  0x000001a643d0a240 JavaThread "Unconstrained build operations Thread 37"        [_thread_blocked, id=7680, stack(0x0000002931700000,0x0000002931800000) (1024K)]
  0x000001a644601690 JavaThread "Unconstrained build operations Thread 38"        [_thread_blocked, id=23156, stack(0x0000002931800000,0x0000002931900000) (1024K)]
  0x000001a6446023b0 JavaThread "Unconstrained build operations Thread 39"        [_thread_blocked, id=20128, stack(0x0000002931900000,0x0000002931a00000) (1024K)]
  0x000001a644601000 JavaThread "Unconstrained build operations Thread 40"        [_thread_blocked, id=12352, stack(0x0000002931a00000,0x0000002931b00000) (1024K)]
  0x000001a643a6d740 JavaThread "WorkerExecutor Queue"              [_thread_blocked, id=21876, stack(0x000000292e900000,0x000000292ea00000) (1024K)]
  0x000001a643d09bb0 JavaThread "RMI Scheduler(0)"           daemon [_thread_blocked, id=21160, stack(0x000000292ea00000,0x000000292eb00000) (1024K)]
  0x000001a62e68dc20 JavaThread "RMI GC Daemon"              daemon [_thread_blocked, id=21180, stack(0x0000002931c00000,0x0000002931d00000) (1024K)]
  0x000001a62d0dea30 JavaThread "RMI TCP Accept-0"           daemon [_thread_in_native, id=13788, stack(0x0000002931d00000,0x0000002931e00000) (1024K)]
  0x000001a62e68e2b0 JavaThread "RMI Reaper"                        [_thread_blocked, id=21256, stack(0x0000002931e00000,0x0000002931f00000) (1024K)]
  0x000001a643a71250 JavaThread "RMI TCP Connection(idle)"   daemon [_thread_blocked, id=13460, stack(0x000000292e800000,0x000000292e900000) (1024K)]
Total: 87

Other Threads:
=>0x000001a5e413f8c0 VMThread "VM Thread"                           [id=2400, stack(0x000000292c500000,0x000000292c600000) (1024K)]
  0x000001a5e412deb0 WatcherThread "VM Periodic Task Thread"        [id=14084, stack(0x000000292c400000,0x000000292c500000) (1024K)]
  0x000001a5b4c3a020 WorkerThread "GC Thread#0"                     [id=444, stack(0x000000292bf00000,0x000000292c000000) (1024K)]
  0x000001a5e47f6270 WorkerThread "GC Thread#1"                     [id=2536, stack(0x000000292d000000,0x000000292d100000) (1024K)]
  0x000001a5e47f6620 WorkerThread "GC Thread#2"                     [id=18880, stack(0x000000292d100000,0x000000292d200000) (1024K)]
  0x000001a62a70bd80 WorkerThread "GC Thread#3"                     [id=11500, stack(0x000000292d200000,0x000000292d300000) (1024K)]
  0x000001a5b4c4c740 ConcurrentGCThread "G1 Main Marker"            [id=4652, stack(0x000000292c000000,0x000000292c100000) (1024K)]
  0x000001a5b4c4dfe0 WorkerThread "G1 Conc#0"                       [id=5148, stack(0x000000292c100000,0x000000292c200000) (1024K)]
  0x000001a5e3ffd890 ConcurrentGCThread "G1 Refine#0"               [id=588, stack(0x000000292c200000,0x000000292c300000) (1024K)]
  0x000001a5e3ffe320 ConcurrentGCThread "G1 Service"                [id=10812, stack(0x000000292c300000,0x000000292c400000) (1024K)]
Total: 10

Threads with active compile tasks:
Total: 0

VM state: at safepoint (normal execution)

VM Mutex/Monitor currently owned by a thread:  ([mutex/lock_event])
[0x00007ff921fff570] Threads_lock - owner thread: 0x000001a5e413f8c0
[0x00007ff921fff670] Heap_lock - owner thread: 0x000001a643d08800

Heap address: 0x0000000600000000, size: 8192 MB, Compressed Oops mode: Zero based, Oop shift amount: 3

CDS archive(s) mapped at: [0x000001a5e5000000-0x000001a5e5ba0000-0x000001a5e5ba0000), size 12189696, SharedBaseAddress: 0x000001a5e5000000, ArchiveRelocationMode: 1.
Compressed class space mapped at: 0x000001a5e6000000-0x000001a626000000, reserved size: 1073741824
Narrow klass base: 0x000001a5e5000000, Narrow klass shift: 0, Narrow klass range: 0x100000000

GC Precious Log:
 CardTable entry size: 512
 Card Set container configuration: InlinePtr #cards 4 size 8 Array Of Cards #cards 32 size 80 Howl #buckets 8 coarsen threshold 7372 Howl Bitmap #cards 1024 size 144 coarsen threshold 921 Card regions per heap region 1 cards per card region 8192
 CPUs: 4 total, 4 available
 Memory: 7975M
 Large Page Support: Disabled
 NUMA Support: Disabled
 Compressed Oops: Enabled (Zero based)
 Heap Region Size: 4M
 Heap Min Capacity: 8M
 Heap Initial Capacity: 128M
 Heap Max Capacity: 8G
 Pre-touch: Disabled
 Parallel Workers: 4
 Concurrent Workers: 1
 Concurrent Refinement Workers: 4
 Periodic GC: Disabled

Heap:
 garbage-first heap   total 741376K, used 171641K [0x0000000600000000, 0x0000000800000000)
  region size 4096K, 1 young (4096K), 1 survivors (4096K)
 Metaspace       used 161237K, committed 163584K, reserved 1245184K
  class space    used 20649K, committed 21824K, reserved 1048576K

Heap Regions: E=young(eden), S=young(survivor), O=old, HS=humongous(starts), HC=humongous(continues), CS=collection set, F=free, TAMS=top-at-mark-start, PB=parsable bottom
|   0|0x0000000600000000, 0x0000000600400000, 0x0000000600400000|100%|HS|  |TAMS 0x0000000600000000| PB 0x0000000600000000| Complete 
|   1|0x0000000600400000, 0x0000000600800000, 0x0000000600800000|100%| O|  |TAMS 0x0000000600400000| PB 0x0000000600400000| Untracked 
|   2|0x0000000600800000, 0x0000000600c00000, 0x0000000600c00000|100%| O|  |TAMS 0x0000000600800000| PB 0x0000000600800000| Untracked 
|   3|0x0000000600c00000, 0x0000000601000000, 0x0000000601000000|100%| O|  |TAMS 0x0000000600c00000| PB 0x0000000600c00000| Untracked 
|   4|0x0000000601000000, 0x0000000601400000, 0x0000000601400000|100%| O|  |TAMS 0x0000000601000000| PB 0x0000000601000000| Untracked 
|   5|0x0000000601400000, 0x0000000601800000, 0x0000000601800000|100%| O|  |TAMS 0x0000000601400000| PB 0x0000000601400000| Untracked 
|   6|0x0000000601800000, 0x0000000601c00000, 0x0000000601c00000|100%| O|  |TAMS 0x0000000601800000| PB 0x0000000601800000| Untracked 
|   7|0x0000000601c00000, 0x0000000602000000, 0x0000000602000000|100%| O|  |TAMS 0x0000000601c00000| PB 0x0000000601c00000| Untracked 
|   8|0x0000000602000000, 0x0000000602400000, 0x0000000602400000|100%| O|  |TAMS 0x0000000602000000| PB 0x0000000602000000| Untracked 
|   9|0x0000000602400000, 0x0000000602800000, 0x0000000602800000|100%| O|  |TAMS 0x0000000602400000| PB 0x0000000602400000| Untracked 
|  10|0x0000000602800000, 0x0000000602c00000, 0x0000000602c00000|100%| O|  |TAMS 0x0000000602800000| PB 0x0000000602800000| Untracked 
|  11|0x0000000602c00000, 0x0000000603000000, 0x0000000603000000|100%| O|  |TAMS 0x0000000602c00000| PB 0x0000000602c00000| Untracked 
|  12|0x0000000603000000, 0x0000000603400000, 0x0000000603400000|100%| O|  |TAMS 0x0000000603000000| PB 0x0000000603000000| Untracked 
|  13|0x0000000603400000, 0x0000000603800000, 0x0000000603800000|100%| O|  |TAMS 0x0000000603400000| PB 0x0000000603400000| Untracked 
|  14|0x0000000603800000, 0x0000000603c00000, 0x0000000603c00000|100%|HS|  |TAMS 0x0000000603800000| PB 0x0000000603800000| Complete 
|  15|0x0000000603c00000, 0x0000000604000000, 0x0000000604000000|100%| O|  |TAMS 0x0000000603c00000| PB 0x0000000603c00000| Untracked 
|  16|0x0000000604000000, 0x0000000604400000, 0x0000000604400000|100%| O|  |TAMS 0x0000000604000000| PB 0x0000000604000000| Untracked 
|  17|0x0000000604400000, 0x0000000604800000, 0x0000000604800000|100%| O|  |TAMS 0x0000000604400000| PB 0x0000000604400000| Untracked 
|  18|0x0000000604800000, 0x0000000604c00000, 0x0000000604c00000|100%| O|  |TAMS 0x0000000604800000| PB 0x0000000604800000| Untracked 
|  19|0x0000000604c00000, 0x0000000605000000, 0x0000000605000000|100%| O|  |TAMS 0x0000000604c00000| PB 0x0000000604c00000| Untracked 
|  20|0x0000000605000000, 0x0000000605400000, 0x0000000605400000|100%| O|  |TAMS 0x0000000605000000| PB 0x0000000605000000| Untracked 
|  21|0x0000000605400000, 0x0000000605800000, 0x0000000605800000|100%| O|  |TAMS 0x0000000605400000| PB 0x0000000605400000| Untracked 
|  22|0x0000000605800000, 0x0000000605c00000, 0x0000000605c00000|100%| O|  |TAMS 0x0000000605800000| PB 0x0000000605800000| Untracked 
|  23|0x0000000605c00000, 0x0000000606000000, 0x0000000606000000|100%| O|  |TAMS 0x0000000605c00000| PB 0x0000000605c00000| Untracked 
|  24|0x0000000606000000, 0x0000000606400000, 0x0000000606400000|100%| O|  |TAMS 0x0000000606000000| PB 0x0000000606000000| Untracked 
|  25|0x0000000606400000, 0x0000000606800000, 0x0000000606800000|100%| O|  |TAMS 0x0000000606400000| PB 0x0000000606400000| Untracked 
|  26|0x0000000606800000, 0x0000000606c00000, 0x0000000606c00000|100%| O|  |TAMS 0x0000000606800000| PB 0x0000000606800000| Untracked 
|  27|0x0000000606c00000, 0x0000000607000000, 0x0000000607000000|100%| O|  |TAMS 0x0000000606c00000| PB 0x0000000606c00000| Untracked 
|  28|0x0000000607000000, 0x0000000607400000, 0x0000000607400000|100%| O|  |TAMS 0x0000000607000000| PB 0x0000000607000000| Untracked 
|  29|0x0000000607400000, 0x0000000607800000, 0x0000000607800000|100%| O|  |TAMS 0x0000000607400000| PB 0x0000000607400000| Untracked 
|  30|0x0000000607800000, 0x0000000607c00000, 0x0000000607c00000|100%| O|  |TAMS 0x0000000607800000| PB 0x0000000607800000| Untracked 
|  31|0x0000000607c00000, 0x0000000608000000, 0x0000000608000000|100%| O|  |TAMS 0x0000000607c00000| PB 0x0000000607c00000| Untracked 
|  32|0x0000000608000000, 0x0000000608400000, 0x0000000608400000|100%| O|  |TAMS 0x0000000608000000| PB 0x0000000608000000| Untracked 
|  33|0x0000000608400000, 0x0000000608800000, 0x0000000608800000|100%| O|  |TAMS 0x0000000608400000| PB 0x0000000608400000| Untracked 
|  34|0x0000000608800000, 0x0000000608c00000, 0x0000000608c00000|100%| O|  |TAMS 0x0000000608800000| PB 0x0000000608800000| Untracked 
|  35|0x0000000608c00000, 0x0000000609000000, 0x0000000609000000|100%| O|  |TAMS 0x0000000608c00000| PB 0x0000000608c00000| Untracked 
|  36|0x0000000609000000, 0x0000000609400000, 0x0000000609400000|100%| O|  |TAMS 0x0000000609000000| PB 0x0000000609000000| Untracked 
|  37|0x0000000609400000, 0x0000000609800000, 0x0000000609800000|100%| O|  |TAMS 0x0000000609400000| PB 0x0000000609400000| Untracked 
|  38|0x0000000609800000, 0x0000000609c00000, 0x0000000609c00000|100%| O|  |TAMS 0x0000000609800000| PB 0x0000000609800000| Untracked 
|  39|0x0000000609c00000, 0x000000060a000000, 0x000000060a000000|100%| O|  |TAMS 0x0000000609c00000| PB 0x0000000609c00000| Untracked 
|  40|0x000000060a000000, 0x000000060a400000, 0x000000060a400000|100%| O|  |TAMS 0x000000060a000000| PB 0x000000060a000000| Untracked 
|  41|0x000000060a400000, 0x000000060a560080, 0x000000060a800000| 34%| O|  |TAMS 0x000000060a400000| PB 0x000000060a400000| Untracked 
|  42|0x000000060a800000, 0x000000060a800000, 0x000000060ac00000|  0%| F|  |TAMS 0x000000060a800000| PB 0x000000060a800000| Untracked 
|  43|0x000000060ac00000, 0x000000060ac00000, 0x000000060b000000|  0%| F|  |TAMS 0x000000060ac00000| PB 0x000000060ac00000| Untracked 
|  44|0x000000060b000000, 0x000000060b000000, 0x000000060b400000|  0%| F|  |TAMS 0x000000060b000000| PB 0x000000060b000000| Untracked 
|  45|0x000000060b400000, 0x000000060b400000, 0x000000060b800000|  0%| F|  |TAMS 0x000000060b400000| PB 0x000000060b400000| Untracked 
|  46|0x000000060b800000, 0x000000060b800000, 0x000000060bc00000|  0%| F|  |TAMS 0x000000060b800000| PB 0x000000060b800000| Untracked 
|  47|0x000000060bc00000, 0x000000060bc00000, 0x000000060c000000|  0%| F|  |TAMS 0x000000060bc00000| PB 0x000000060bc00000| Untracked 
|  48|0x000000060c000000, 0x000000060c000000, 0x000000060c400000|  0%| F|  |TAMS 0x000000060c000000| PB 0x000000060c000000| Untracked 
|  49|0x000000060c400000, 0x000000060c400000, 0x000000060c800000|  0%| F|  |TAMS 0x000000060c400000| PB 0x000000060c400000| Untracked 
|  50|0x000000060c800000, 0x000000060c800000, 0x000000060cc00000|  0%| F|  |TAMS 0x000000060c800000| PB 0x000000060c800000| Untracked 
|  51|0x000000060cc00000, 0x000000060cc00000, 0x000000060d000000|  0%| F|  |TAMS 0x000000060cc00000| PB 0x000000060cc00000| Untracked 
|  52|0x000000060d000000, 0x000000060d000000, 0x000000060d400000|  0%| F|  |TAMS 0x000000060d000000| PB 0x000000060d000000| Untracked 
|  53|0x000000060d400000, 0x000000060d400000, 0x000000060d800000|  0%| F|  |TAMS 0x000000060d400000| PB 0x000000060d400000| Untracked 
|  54|0x000000060d800000, 0x000000060d800000, 0x000000060dc00000|  0%| F|  |TAMS 0x000000060d800000| PB 0x000000060d800000| Untracked 
|  55|0x000000060dc00000, 0x000000060dc00000, 0x000000060e000000|  0%| F|  |TAMS 0x000000060dc00000| PB 0x000000060dc00000| Untracked 
|  56|0x000000060e000000, 0x000000060e000000, 0x000000060e400000|  0%| F|  |TAMS 0x000000060e000000| PB 0x000000060e000000| Untracked 
|  57|0x000000060e400000, 0x000000060e400000, 0x000000060e800000|  0%| F|  |TAMS 0x000000060e400000| PB 0x000000060e400000| Untracked 
|  58|0x000000060e800000, 0x000000060e800000, 0x000000060ec00000|  0%| F|  |TAMS 0x000000060e800000| PB 0x000000060e800000| Untracked 
|  59|0x000000060ec00000, 0x000000060ec00000, 0x000000060f000000|  0%| F|  |TAMS 0x000000060ec00000| PB 0x000000060ec00000| Untracked 
|  60|0x000000060f000000, 0x000000060f000000, 0x000000060f400000|  0%| F|  |TAMS 0x000000060f000000| PB 0x000000060f000000| Untracked 
|  61|0x000000060f400000, 0x000000060f400000, 0x000000060f800000|  0%| F|  |TAMS 0x000000060f400000| PB 0x000000060f400000| Untracked 
|  62|0x000000060f800000, 0x000000060f800000, 0x000000060fc00000|  0%| F|  |TAMS 0x000000060f800000| PB 0x000000060f800000| Untracked 
|  63|0x000000060fc00000, 0x000000060fc00000, 0x0000000610000000|  0%| F|  |TAMS 0x000000060fc00000| PB 0x000000060fc00000| Untracked 
|  64|0x0000000610000000, 0x0000000610000000, 0x0000000610400000|  0%| F|  |TAMS 0x0000000610000000| PB 0x0000000610000000| Untracked 
|  65|0x0000000610400000, 0x0000000610400000, 0x0000000610800000|  0%| F|  |TAMS 0x0000000610400000| PB 0x0000000610400000| Untracked 
|  66|0x0000000610800000, 0x0000000610800000, 0x0000000610c00000|  0%| F|  |TAMS 0x0000000610800000| PB 0x0000000610800000| Untracked 
|  67|0x0000000610c00000, 0x0000000610c00000, 0x0000000611000000|  0%| F|  |TAMS 0x0000000610c00000| PB 0x0000000610c00000| Untracked 
|  68|0x0000000611000000, 0x0000000611000000, 0x0000000611400000|  0%| F|  |TAMS 0x0000000611000000| PB 0x0000000611000000| Untracked 
|  69|0x0000000611400000, 0x0000000611400000, 0x0000000611800000|  0%| F|  |TAMS 0x0000000611400000| PB 0x0000000611400000| Untracked 
|  70|0x0000000611800000, 0x0000000611800000, 0x0000000611c00000|  0%| F|  |TAMS 0x0000000611800000| PB 0x0000000611800000| Untracked 
|  71|0x0000000611c00000, 0x0000000611c00000, 0x0000000612000000|  0%| F|  |TAMS 0x0000000611c00000| PB 0x0000000611c00000| Untracked 
|  72|0x0000000612000000, 0x0000000612000000, 0x0000000612400000|  0%| F|  |TAMS 0x0000000612000000| PB 0x0000000612000000| Untracked 
|  73|0x0000000612400000, 0x0000000612400000, 0x0000000612800000|  0%| F|  |TAMS 0x0000000612400000| PB 0x0000000612400000| Untracked 
|  74|0x0000000612800000, 0x0000000612800000, 0x0000000612c00000|  0%| F|  |TAMS 0x0000000612800000| PB 0x0000000612800000| Untracked 
|  75|0x0000000612c00000, 0x0000000612c00000, 0x0000000613000000|  0%| F|  |TAMS 0x0000000612c00000| PB 0x0000000612c00000| Untracked 
|  76|0x0000000613000000, 0x0000000613000000, 0x0000000613400000|  0%| F|  |TAMS 0x0000000613000000| PB 0x0000000613000000| Untracked 
|  77|0x0000000613400000, 0x0000000613400000, 0x0000000613800000|  0%| F|  |TAMS 0x0000000613400000| PB 0x0000000613400000| Untracked 
|  78|0x0000000613800000, 0x0000000613800000, 0x0000000613c00000|  0%| F|  |TAMS 0x0000000613800000| PB 0x0000000613800000| Untracked 
|  79|0x0000000613c00000, 0x0000000613c00000, 0x0000000614000000|  0%| F|  |TAMS 0x0000000613c00000| PB 0x0000000613c00000| Untracked 
|  80|0x0000000614000000, 0x0000000614000000, 0x0000000614400000|  0%| F|  |TAMS 0x0000000614000000| PB 0x0000000614000000| Untracked 
|  81|0x0000000614400000, 0x0000000614400000, 0x0000000614800000|  0%| F|  |TAMS 0x0000000614400000| PB 0x0000000614400000| Untracked 
|  82|0x0000000614800000, 0x0000000614800000, 0x0000000614c00000|  0%| F|  |TAMS 0x0000000614800000| PB 0x0000000614800000| Untracked 
|  83|0x0000000614c00000, 0x0000000614c00000, 0x0000000615000000|  0%| F|  |TAMS 0x0000000614c00000| PB 0x0000000614c00000| Untracked 
|  84|0x0000000615000000, 0x0000000615000000, 0x0000000615400000|  0%| F|  |TAMS 0x0000000615000000| PB 0x0000000615000000| Untracked 
|  85|0x0000000615400000, 0x0000000615400000, 0x0000000615800000|  0%| F|  |TAMS 0x0000000615400000| PB 0x0000000615400000| Untracked 
|  86|0x0000000615800000, 0x0000000615800000, 0x0000000615c00000|  0%| F|  |TAMS 0x0000000615800000| PB 0x0000000615800000| Untracked 
|  87|0x0000000615c00000, 0x0000000615c00000, 0x0000000616000000|  0%| F|  |TAMS 0x0000000615c00000| PB 0x0000000615c00000| Untracked 
|  88|0x0000000616000000, 0x0000000616000000, 0x0000000616400000|  0%| F|  |TAMS 0x0000000616000000| PB 0x0000000616000000| Untracked 
|  89|0x0000000616400000, 0x0000000616400000, 0x0000000616800000|  0%| F|  |TAMS 0x0000000616400000| PB 0x0000000616400000| Untracked 
|  90|0x0000000616800000, 0x0000000616800000, 0x0000000616c00000|  0%| F|  |TAMS 0x0000000616800000| PB 0x0000000616800000| Untracked 
|  91|0x0000000616c00000, 0x0000000616c00000, 0x0000000617000000|  0%| F|  |TAMS 0x0000000616c00000| PB 0x0000000616c00000| Untracked 
|  92|0x0000000617000000, 0x0000000617000000, 0x0000000617400000|  0%| F|  |TAMS 0x0000000617000000| PB 0x0000000617000000| Untracked 
|  93|0x0000000617400000, 0x0000000617400000, 0x0000000617800000|  0%| F|  |TAMS 0x0000000617400000| PB 0x0000000617400000| Untracked 
|  94|0x0000000617800000, 0x0000000617800000, 0x0000000617c00000|  0%| F|  |TAMS 0x0000000617800000| PB 0x0000000617800000| Untracked 
|  95|0x0000000617c00000, 0x0000000617c00000, 0x0000000618000000|  0%| F|  |TAMS 0x0000000617c00000| PB 0x0000000617c00000| Untracked 
|  96|0x0000000618000000, 0x0000000618000000, 0x0000000618400000|  0%| F|  |TAMS 0x0000000618000000| PB 0x0000000618000000| Untracked 
|  97|0x0000000618400000, 0x0000000618400000, 0x0000000618800000|  0%| F|  |TAMS 0x0000000618400000| PB 0x0000000618400000| Untracked 
|  98|0x0000000618800000, 0x0000000618800000, 0x0000000618c00000|  0%| F|  |TAMS 0x0000000618800000| PB 0x0000000618800000| Untracked 
|  99|0x0000000618c00000, 0x0000000618c00000, 0x0000000619000000|  0%| F|  |TAMS 0x0000000618c00000| PB 0x0000000618c00000| Untracked 
| 100|0x0000000619000000, 0x0000000619000000, 0x0000000619400000|  0%| F|  |TAMS 0x0000000619000000| PB 0x0000000619000000| Untracked 
| 101|0x0000000619400000, 0x0000000619400000, 0x0000000619800000|  0%| F|  |TAMS 0x0000000619400000| PB 0x0000000619400000| Untracked 
| 102|0x0000000619800000, 0x0000000619800000, 0x0000000619c00000|  0%| F|  |TAMS 0x0000000619800000| PB 0x0000000619800000| Untracked 
| 103|0x0000000619c00000, 0x0000000619c00000, 0x000000061a000000|  0%| F|  |TAMS 0x0000000619c00000| PB 0x0000000619c00000| Untracked 
| 104|0x000000061a000000, 0x000000061a000000, 0x000000061a400000|  0%| F|  |TAMS 0x000000061a000000| PB 0x000000061a000000| Untracked 
| 105|0x000000061a400000, 0x000000061a400000, 0x000000061a800000|  0%| F|  |TAMS 0x000000061a400000| PB 0x000000061a400000| Untracked 
| 106|0x000000061a800000, 0x000000061a800000, 0x000000061ac00000|  0%| F|  |TAMS 0x000000061a800000| PB 0x000000061a800000| Untracked 
| 107|0x000000061ac00000, 0x000000061ac00000, 0x000000061b000000|  0%| F|  |TAMS 0x000000061ac00000| PB 0x000000061ac00000| Untracked 
| 108|0x000000061b000000, 0x000000061b000000, 0x000000061b400000|  0%| F|  |TAMS 0x000000061b000000| PB 0x000000061b000000| Untracked 
| 109|0x000000061b400000, 0x000000061b400000, 0x000000061b800000|  0%| F|  |TAMS 0x000000061b400000| PB 0x000000061b400000| Untracked 
| 110|0x000000061b800000, 0x000000061b800000, 0x000000061bc00000|  0%| F|  |TAMS 0x000000061b800000| PB 0x000000061b800000| Untracked 
| 111|0x000000061bc00000, 0x000000061bc00000, 0x000000061c000000|  0%| F|  |TAMS 0x000000061bc00000| PB 0x000000061bc00000| Untracked 
| 112|0x000000061c000000, 0x000000061c000000, 0x000000061c400000|  0%| F|  |TAMS 0x000000061c000000| PB 0x000000061c000000| Untracked 
| 113|0x000000061c400000, 0x000000061c400000, 0x000000061c800000|  0%| F|  |TAMS 0x000000061c400000| PB 0x000000061c400000| Untracked 
| 114|0x000000061c800000, 0x000000061c800000, 0x000000061cc00000|  0%| F|  |TAMS 0x000000061c800000| PB 0x000000061c800000| Untracked 
| 115|0x000000061cc00000, 0x000000061cc00000, 0x000000061d000000|  0%| F|  |TAMS 0x000000061cc00000| PB 0x000000061cc00000| Untracked 
| 116|0x000000061d000000, 0x000000061d000000, 0x000000061d400000|  0%| F|  |TAMS 0x000000061d000000| PB 0x000000061d000000| Untracked 
| 117|0x000000061d400000, 0x000000061d400000, 0x000000061d800000|  0%| F|  |TAMS 0x000000061d400000| PB 0x000000061d400000| Untracked 
| 118|0x000000061d800000, 0x000000061d800000, 0x000000061dc00000|  0%| F|  |TAMS 0x000000061d800000| PB 0x000000061d800000| Untracked 
| 119|0x000000061dc00000, 0x000000061dc00000, 0x000000061e000000|  0%| F|  |TAMS 0x000000061dc00000| PB 0x000000061dc00000| Untracked 
| 120|0x000000061e000000, 0x000000061e000000, 0x000000061e400000|  0%| F|  |TAMS 0x000000061e000000| PB 0x000000061e000000| Untracked 
| 121|0x000000061e400000, 0x000000061e400000, 0x000000061e800000|  0%| F|  |TAMS 0x000000061e400000| PB 0x000000061e400000| Untracked 
| 122|0x000000061e800000, 0x000000061e800000, 0x000000061ec00000|  0%| F|  |TAMS 0x000000061e800000| PB 0x000000061e800000| Untracked 
| 123|0x000000061ec00000, 0x000000061ec00000, 0x000000061f000000|  0%| F|  |TAMS 0x000000061ec00000| PB 0x000000061ec00000| Untracked 
| 124|0x000000061f000000, 0x000000061f000000, 0x000000061f400000|  0%| F|  |TAMS 0x000000061f000000| PB 0x000000061f000000| Untracked 
| 125|0x000000061f400000, 0x000000061f400000, 0x000000061f800000|  0%| F|  |TAMS 0x000000061f400000| PB 0x000000061f400000| Untracked 
| 126|0x000000061f800000, 0x000000061f800000, 0x000000061fc00000|  0%| F|  |TAMS 0x000000061f800000| PB 0x000000061f800000| Untracked 
| 127|0x000000061fc00000, 0x000000061fc00000, 0x0000000620000000|  0%| F|  |TAMS 0x000000061fc00000| PB 0x000000061fc00000| Untracked 
| 128|0x0000000620000000, 0x0000000620000000, 0x0000000620400000|  0%| F|  |TAMS 0x0000000620000000| PB 0x0000000620000000| Untracked 
| 129|0x0000000620400000, 0x0000000620400000, 0x0000000620800000|  0%| F|  |TAMS 0x0000000620400000| PB 0x0000000620400000| Untracked 
| 130|0x0000000620800000, 0x0000000620800000, 0x0000000620c00000|  0%| F|  |TAMS 0x0000000620800000| PB 0x0000000620800000| Untracked 
| 131|0x0000000620c00000, 0x0000000620c00000, 0x0000000621000000|  0%| F|  |TAMS 0x0000000620c00000| PB 0x0000000620c00000| Untracked 
| 132|0x0000000621000000, 0x0000000621000000, 0x0000000621400000|  0%| F|  |TAMS 0x0000000621000000| PB 0x0000000621000000| Untracked 
| 133|0x0000000621400000, 0x0000000621400000, 0x0000000621800000|  0%| F|  |TAMS 0x0000000621400000| PB 0x0000000621400000| Untracked 
| 134|0x0000000621800000, 0x0000000621800000, 0x0000000621c00000|  0%| F|  |TAMS 0x0000000621800000| PB 0x0000000621800000| Untracked 
| 135|0x0000000621c00000, 0x0000000621c00000, 0x0000000622000000|  0%| F|  |TAMS 0x0000000621c00000| PB 0x0000000621c00000| Untracked 
| 136|0x0000000622000000, 0x0000000622000000, 0x0000000622400000|  0%| F|  |TAMS 0x0000000622000000| PB 0x0000000622000000| Untracked 
| 137|0x0000000622400000, 0x0000000622400000, 0x0000000622800000|  0%| F|  |TAMS 0x0000000622400000| PB 0x0000000622400000| Untracked 
| 138|0x0000000622800000, 0x0000000622800000, 0x0000000622c00000|  0%| F|  |TAMS 0x0000000622800000| PB 0x0000000622800000| Untracked 
| 139|0x0000000622c00000, 0x0000000622c00000, 0x0000000623000000|  0%| F|  |TAMS 0x0000000622c00000| PB 0x0000000622c00000| Untracked 
| 140|0x0000000623000000, 0x0000000623000000, 0x0000000623400000|  0%| F|  |TAMS 0x0000000623000000| PB 0x0000000623000000| Untracked 
| 141|0x0000000623400000, 0x0000000623400000, 0x0000000623800000|  0%| F|  |TAMS 0x0000000623400000| PB 0x0000000623400000| Untracked 
| 142|0x0000000623800000, 0x0000000623800000, 0x0000000623c00000|  0%| F|  |TAMS 0x0000000623800000| PB 0x0000000623800000| Untracked 
| 143|0x0000000623c00000, 0x0000000623c00000, 0x0000000624000000|  0%| F|  |TAMS 0x0000000623c00000| PB 0x0000000623c00000| Untracked 
| 144|0x0000000624000000, 0x0000000624000000, 0x0000000624400000|  0%| F|  |TAMS 0x0000000624000000| PB 0x0000000624000000| Untracked 
| 145|0x0000000624400000, 0x0000000624400000, 0x0000000624800000|  0%| F|  |TAMS 0x0000000624400000| PB 0x0000000624400000| Untracked 
| 146|0x0000000624800000, 0x0000000624800000, 0x0000000624c00000|  0%| F|  |TAMS 0x0000000624800000| PB 0x0000000624800000| Untracked 
| 147|0x0000000624c00000, 0x0000000624c00000, 0x0000000625000000|  0%| F|  |TAMS 0x0000000624c00000| PB 0x0000000624c00000| Untracked 
| 148|0x0000000625000000, 0x0000000625000000, 0x0000000625400000|  0%| F|  |TAMS 0x0000000625000000| PB 0x0000000625000000| Untracked 
| 149|0x0000000625400000, 0x0000000625400000, 0x0000000625800000|  0%| F|  |TAMS 0x0000000625400000| PB 0x0000000625400000| Untracked 
| 150|0x0000000625800000, 0x0000000625800000, 0x0000000625c00000|  0%| F|  |TAMS 0x0000000625800000| PB 0x0000000625800000| Untracked 
| 151|0x0000000625c00000, 0x0000000625c00000, 0x0000000626000000|  0%| F|  |TAMS 0x0000000625c00000| PB 0x0000000625c00000| Untracked 
| 152|0x0000000626000000, 0x0000000626000000, 0x0000000626400000|  0%| F|  |TAMS 0x0000000626000000| PB 0x0000000626000000| Untracked 
| 153|0x0000000626400000, 0x0000000626400000, 0x0000000626800000|  0%| F|  |TAMS 0x0000000626400000| PB 0x0000000626400000| Untracked 
| 154|0x0000000626800000, 0x0000000626800000, 0x0000000626c00000|  0%| F|  |TAMS 0x0000000626800000| PB 0x0000000626800000| Untracked 
| 155|0x0000000626c00000, 0x0000000626c00000, 0x0000000627000000|  0%| F|  |TAMS 0x0000000626c00000| PB 0x0000000626c00000| Untracked 
| 156|0x0000000627000000, 0x0000000627000000, 0x0000000627400000|  0%| F|  |TAMS 0x0000000627000000| PB 0x0000000627000000| Untracked 
| 157|0x0000000627400000, 0x0000000627400000, 0x0000000627800000|  0%| F|  |TAMS 0x0000000627400000| PB 0x0000000627400000| Untracked 
| 158|0x0000000627800000, 0x0000000627800000, 0x0000000627c00000|  0%| F|  |TAMS 0x0000000627800000| PB 0x0000000627800000| Untracked 
| 159|0x0000000627c00000, 0x0000000627c00000, 0x0000000628000000|  0%| F|  |TAMS 0x0000000627c00000| PB 0x0000000627c00000| Untracked 
| 160|0x0000000628000000, 0x0000000628000000, 0x0000000628400000|  0%| F|  |TAMS 0x0000000628000000| PB 0x0000000628000000| Untracked 
| 161|0x0000000628400000, 0x0000000628400000, 0x0000000628800000|  0%| F|  |TAMS 0x0000000628400000| PB 0x0000000628400000| Untracked 
| 162|0x0000000628800000, 0x0000000628800000, 0x0000000628c00000|  0%| F|  |TAMS 0x0000000628800000| PB 0x0000000628800000| Untracked 
| 163|0x0000000628c00000, 0x0000000628c00000, 0x0000000629000000|  0%| F|  |TAMS 0x0000000628c00000| PB 0x0000000628c00000| Untracked 
| 164|0x0000000629000000, 0x0000000629000000, 0x0000000629400000|  0%| F|  |TAMS 0x0000000629000000| PB 0x0000000629000000| Untracked 
| 165|0x0000000629400000, 0x0000000629400000, 0x0000000629800000|  0%| F|  |TAMS 0x0000000629400000| PB 0x0000000629400000| Untracked 
| 166|0x0000000629800000, 0x0000000629800000, 0x0000000629c00000|  0%| F|  |TAMS 0x0000000629800000| PB 0x0000000629800000| Untracked 
| 167|0x0000000629c00000, 0x0000000629c00000, 0x000000062a000000|  0%| F|  |TAMS 0x0000000629c00000| PB 0x0000000629c00000| Untracked 
| 168|0x000000062a000000, 0x000000062a000000, 0x000000062a400000|  0%| F|  |TAMS 0x000000062a000000| PB 0x000000062a000000| Untracked 
| 169|0x000000062a400000, 0x000000062a400000, 0x000000062a800000|  0%| F|  |TAMS 0x000000062a400000| PB 0x000000062a400000| Untracked 
| 170|0x000000062a800000, 0x000000062a800000, 0x000000062ac00000|  0%| F|  |TAMS 0x000000062a800000| PB 0x000000062a800000| Untracked 
| 171|0x000000062ac00000, 0x000000062ac00000, 0x000000062b000000|  0%| F|  |TAMS 0x000000062ac00000| PB 0x000000062ac00000| Untracked 
| 172|0x000000062b000000, 0x000000062b000000, 0x000000062b400000|  0%| F|  |TAMS 0x000000062b000000| PB 0x000000062b000000| Untracked 
| 173|0x000000062b400000, 0x000000062b63e6c8, 0x000000062b800000| 56%| S|CS|TAMS 0x000000062b400000| PB 0x000000062b400000| Complete 
| 174|0x000000062b800000, 0x000000062b800000, 0x000000062bc00000|  0%| F|  |TAMS 0x000000062b800000| PB 0x000000062b800000| Untracked 
|2042|0x00000007fe800000, 0x00000007fe800000, 0x00000007fec00000|  0%| F|  |TAMS 0x00000007fe800000| PB 0x00000007fe800000| Untracked 
|2043|0x00000007fec00000, 0x00000007fec00000, 0x00000007ff000000|  0%| F|  |TAMS 0x00000007fec00000| PB 0x00000007fec00000| Untracked 
|2044|0x00000007ff000000, 0x00000007ff000000, 0x00000007ff400000|  0%| F|  |TAMS 0x00000007ff000000| PB 0x00000007ff000000| Untracked 
|2045|0x00000007ff400000, 0x00000007ff400000, 0x00000007ff800000|  0%| F|  |TAMS 0x00000007ff400000| PB 0x00000007ff400000| Untracked 
|2046|0x00000007ff800000, 0x00000007ff800000, 0x00000007ffc00000|  0%| F|  |TAMS 0x00000007ff800000| PB 0x00000007ff800000| Untracked 
|2047|0x00000007ffc00000, 0x00000007ffc00000, 0x0000000800000000|  0%| F|  |TAMS 0x00000007ffc00000| PB 0x00000007ffc00000| Untracked 

Card table byte_map: [0x000001a5d8ea0000,0x000001a5d9ea0000] _byte_map_base: 0x000001a5d5ea0000

Marking Bits: (CMBitMap*) 0x000001a5b4c3b650
 Bits: [0x000001a5d9ea0000, 0x000001a5e1ea0000)

Polling page: 0x000001a5b2c00000

Metaspace:

Usage:
  Non-class:    137.29 MB used.
      Class:     20.17 MB used.
       Both:    157.46 MB used.

Virtual space:
  Non-class space:      192.00 MB reserved,     138.44 MB ( 72%) committed,  3 nodes.
      Class space:        1.00 GB reserved,      21.31 MB (  2%) committed,  1 nodes.
             Both:        1.19 GB reserved,     159.75 MB ( 13%) committed. 

Chunk freelists:
   Non-Class:  5.56 MB
       Class:  10.70 MB
        Both:  16.27 MB

MaxMetaspaceSize: 4.00 GB
CompressedClassSpaceSize: 1.00 GB
Initial GC threshold: 21.00 MB
Current GC threshold: 256.81 MB
CDS: on
 - commit_granule_bytes: 65536.
 - commit_granule_words: 8192.
 - virtual_space_node_default_size: 8388608.
 - enlarge_chunks_in_place: 1.
 - use_allocation_guard: 0.


Internal statistics:

num_allocs_failed_limit: 9.
num_arena_births: 4332.
num_arena_deaths: 0.
num_vsnodes_births: 4.
num_vsnodes_deaths: 0.
num_space_committed: 2555.
num_space_uncommitted: 0.
num_chunks_returned_to_freelist: 9.
num_chunks_taken_from_freelist: 10824.
num_chunk_merges: 9.
num_chunk_splits: 7604.
num_chunks_enlarged: 5381.
num_inconsistent_stats: 0.

CodeHeap 'non-profiled nmethods': size=259264Kb used=17165Kb max_used=17165Kb free=242098Kb
 bounds [0x000001a5c8060000, 0x000001a5c9130000, 0x000001a5d7d90000]
CodeHeap 'profiled nmethods': size=259264Kb used=44498Kb max_used=44498Kb free=214765Kb
 bounds [0x000001a5b7d90000, 0x000001a5ba910000, 0x000001a5c7ac0000]
CodeHeap 'non-nmethods': size=5760Kb used=2623Kb max_used=2671Kb free=3136Kb
 bounds [0x000001a5c7ac0000, 0x000001a5c7d70000, 0x000001a5c8060000]
CodeCache: size=524288Kb, used=64286Kb, max_used=64334Kb, free=459999Kb
 total_blobs=21328, nmethods=20172, adapters=1058, full_count=0
Compilation: enabled, stopped_count=0, restarted_count=0

Compilation events (20 events):
Event: 405.945 Thread 0x000001a5e4172a50 25001       3       org.gradle.api.internal.artifacts.repositories.metadata.AbstractRepositoryMetadataSource::getMetaDataArtifactFor (26 bytes)
Event: 405.945 Thread 0x000001a5e4172a50 nmethod 25001 0x000001a5ba8fe210 code [0x000001a5ba8fe400, 0x000001a5ba8fe890]
Event: 405.987 Thread 0x000001a5e4172a50 25002       3       org.gradle.api.internal.artifacts.repositories.resolver.ExternalResourceResolver::resolveStaticDependency (108 bytes)
Event: 405.993 Thread 0x000001a5e4172a50 nmethod 25002 0x000001a5ba8feb10 code [0x000001a5ba8fedc0, 0x000001a5ba8ffec0]
Event: 405.993 Thread 0x000001a5e4172a50 25004       3       org.apache.http.impl.client.InternalHttpClient::determineRoute (40 bytes)
Event: 405.993 Thread 0x000001a5e4172a50 nmethod 25004 0x000001a5ba900410 code [0x000001a5ba900600, 0x000001a5ba900ba0]
Event: 405.993 Thread 0x000001a5e4172a50 25003       3       org.gradle.api.internal.artifacts.repositories.metadata.RedirectingGradleMetadataModuleMetadataSource::create (61 bytes)
Event: 405.995 Thread 0x000001a5e4172a50 nmethod 25003 0x000001a5ba900e10 code [0x000001a5ba901000, 0x000001a5ba9014e8]
Event: 406.076 Thread 0x000001a5e4172a50 25005       3       org.gradle.api.internal.artifacts.ivyservice.modulecache.DefaultCachedMetadata::dehydrate (39 bytes)
Event: 406.077 Thread 0x000001a5e4172a50 nmethod 25005 0x000001a5ba901710 code [0x000001a5ba901900, 0x000001a5ba901e80]
Event: 406.077 Thread 0x000001a5e4172a50 25006       3       org.gradle.api.internal.artifacts.repositories.metadata.AbstractRepositoryMetadataSource::create (33 bytes)
Event: 406.077 Thread 0x000001a5e4172a50 nmethod 25006 0x000001a5ba902090 code [0x000001a5ba902260, 0x000001a5ba9024c8]
Event: 406.123 Thread 0x000001a5e4172a50 25007       3       org.apache.http.message.TokenParser::parseToken (107 bytes)
Event: 406.124 Thread 0x000001a5e4172a50 nmethod 25007 0x000001a5ba902610 code [0x000001a5ba9028a0, 0x000001a5ba9033b0]
Event: 406.124 Thread 0x000001a5e4172a50 25008       3       org.apache.http.message.TokenParser::skipWhiteSpace (62 bytes)
Event: 406.124 Thread 0x000001a5e4172a50 nmethod 25008 0x000001a5ba903810 code [0x000001a5ba903a00, 0x000001a5ba903e90]
Event: 406.124 Thread 0x000001a5e4172a50 25009       3       org.apache.http.message.BasicNameValuePair::<init> (23 bytes)
Event: 406.124 Thread 0x000001a5e4172a50 nmethod 25009 0x000001a5ba904090 code [0x000001a5ba9042e0, 0x000001a5ba904a80]
Event: 406.125 Thread 0x000001a5e4172a50 25010       3       org.apache.http.message.BasicHeaderElement::<init> (43 bytes)
Event: 406.125 Thread 0x000001a5e4172a50 nmethod 25010 0x000001a5ba904d90 code [0x000001a5ba904fe0, 0x000001a5ba905938]

GC Heap History (20 events):
Event: 259.477 GC heap after
{Heap after GC invocations=111 (full 0):
 garbage-first heap   total 540672K, used 171567K [0x0000000600000000, 0x0000000800000000)
  region size 4096K, 5 young (20480K), 5 survivors (20480K)
 Metaspace       used 155540K, committed 157760K, reserved 1245184K
  class space    used 19961K, committed 21056K, reserved 1048576K
}
Event: 260.255 GC heap before
{Heap before GC invocations=112 (full 0):
 garbage-first heap   total 540672K, used 474671K [0x0000000600000000, 0x0000000800000000)
  region size 4096K, 79 young (323584K), 5 survivors (20480K)
 Metaspace       used 155562K, committed 157824K, reserved 1245184K
  class space    used 19961K, committed 21056K, reserved 1048576K
}
Event: 260.269 GC heap after
{Heap after GC invocations=113 (full 0):
 garbage-first heap   total 540672K, used 170726K [0x0000000600000000, 0x0000000800000000)
  region size 4096K, 5 young (20480K), 5 survivors (20480K)
 Metaspace       used 155562K, committed 157824K, reserved 1245184K
  class space    used 19961K, committed 21056K, reserved 1048576K
}
Event: 260.705 GC heap before
{Heap before GC invocations=113 (full 0):
 garbage-first heap   total 540672K, used 469734K [0x0000000600000000, 0x0000000800000000)
  region size 4096K, 79 young (323584K), 5 survivors (20480K)
 Metaspace       used 155570K, committed 157824K, reserved 1245184K
  class space    used 19962K, committed 21056K, reserved 1048576K
}
Event: 260.727 GC heap after
{Heap after GC invocations=114 (full 0):
 garbage-first heap   total 540672K, used 174151K [0x0000000600000000, 0x0000000800000000)
  region size 4096K, 6 young (24576K), 6 survivors (24576K)
 Metaspace       used 155570K, committed 157824K, reserved 1245184K
  class space    used 19962K, committed 21056K, reserved 1048576K
}
Event: 261.153 GC heap before
{Heap before GC invocations=114 (full 0):
 garbage-first heap   total 540672K, used 473159K [0x0000000600000000, 0x0000000800000000)
  region size 4096K, 79 young (323584K), 6 survivors (24576K)
 Metaspace       used 155577K, committed 157824K, reserved 1245184K
  class space    used 19962K, committed 21056K, reserved 1048576K
}
Event: 261.169 GC heap after
{Heap after GC invocations=115 (full 0):
 garbage-first heap   total 741376K, used 176056K [0x0000000600000000, 0x0000000800000000)
  region size 4096K, 6 young (24576K), 6 survivors (24576K)
 Metaspace       used 155577K, committed 157824K, reserved 1245184K
  class space    used 19962K, committed 21056K, reserved 1048576K
}
Event: 262.275 GC heap before
{Heap before GC invocations=116 (full 0):
 garbage-first heap   total 602112K, used 511928K [0x0000000600000000, 0x0000000800000000)
  region size 4096K, 88 young (360448K), 6 survivors (24576K)
 Metaspace       used 155590K, committed 157824K, reserved 1245184K
  class space    used 19963K, committed 21056K, reserved 1048576K
}
Event: 262.283 GC heap after
{Heap after GC invocations=117 (full 0):
 garbage-first heap   total 602112K, used 163083K [0x0000000600000000, 0x0000000800000000)
  region size 4096K, 3 young (12288K), 3 survivors (12288K)
 Metaspace       used 155590K, committed 157824K, reserved 1245184K
  class space    used 19963K, committed 21056K, reserved 1048576K
}
Event: 264.175 GC heap before
{Heap before GC invocations=117 (full 0):
 garbage-first heap   total 602112K, used 511243K [0x0000000600000000, 0x0000000800000000)
  region size 4096K, 88 young (360448K), 3 survivors (12288K)
 Metaspace       used 155600K, committed 157888K, reserved 1245184K
  class space    used 19963K, committed 21056K, reserved 1048576K
}
Event: 264.189 GC heap after
{Heap after GC invocations=118 (full 0):
 garbage-first heap   total 602112K, used 167987K [0x0000000600000000, 0x0000000800000000)
  region size 4096K, 4 young (16384K), 4 survivors (16384K)
 Metaspace       used 155600K, committed 157888K, reserved 1245184K
  class space    used 19963K, committed 21056K, reserved 1048576K
}
Event: 265.412 GC heap before
{Heap before GC invocations=118 (full 0):
 garbage-first heap   total 602112K, used 512051K [0x0000000600000000, 0x0000000800000000)
  region size 4096K, 88 young (360448K), 4 survivors (16384K)
 Metaspace       used 155600K, committed 157888K, reserved 1245184K
  class space    used 19963K, committed 21056K, reserved 1048576K
}
Event: 265.438 GC heap after
{Heap after GC invocations=119 (full 0):
 garbage-first heap   total 602112K, used 167360K [0x0000000600000000, 0x0000000800000000)
  region size 4096K, 5 young (20480K), 5 survivors (20480K)
 Metaspace       used 155600K, committed 157888K, reserved 1245184K
  class space    used 19963K, committed 21056K, reserved 1048576K
}
Event: 268.523 GC heap before
{Heap before GC invocations=119 (full 0):
 garbage-first heap   total 602112K, used 507328K [0x0000000600000000, 0x0000000800000000)
  region size 4096K, 88 young (360448K), 5 survivors (20480K)
 Metaspace       used 155646K, committed 157888K, reserved 1245184K
  class space    used 19967K, committed 21056K, reserved 1048576K
}
Event: 268.549 GC heap after
{Heap after GC invocations=120 (full 0):
 garbage-first heap   total 602112K, used 167034K [0x0000000600000000, 0x0000000800000000)
  region size 4096K, 7 young (28672K), 7 survivors (28672K)
 Metaspace       used 155646K, committed 157888K, reserved 1245184K
  class space    used 19967K, committed 21056K, reserved 1048576K
}
Event: 393.880 GC heap before
{Heap before GC invocations=120 (full 0):
 garbage-first heap   total 602112K, used 498810K [0x0000000600000000, 0x0000000800000000)
  region size 4096K, 88 young (360448K), 7 survivors (28672K)
 Metaspace       used 161171K, committed 163520K, reserved 1245184K
  class space    used 20647K, committed 21824K, reserved 1048576K
}
Event: 397.513 GC heap after
{Heap after GC invocations=121 (full 0):
 garbage-first heap   total 602112K, used 172417K [0x0000000600000000, 0x0000000800000000)
  region size 4096K, 8 young (32768K), 8 survivors (32768K)
 Metaspace       used 161171K, committed 163520K, reserved 1245184K
  class space    used 20647K, committed 21824K, reserved 1048576K
}
Event: 397.740 GC heap before
{Heap before GC invocations=121 (full 0):
 garbage-first heap   total 602112K, used 176513K [0x0000000600000000, 0x0000000800000000)
  region size 4096K, 9 young (36864K), 8 survivors (32768K)
 Metaspace       used 161176K, committed 163520K, reserved 1245184K
  class space    used 20649K, committed 21824K, reserved 1048576K
}
Event: 397.834 GC heap after
{Heap after GC invocations=122 (full 0):
 garbage-first heap   total 602112K, used 173440K [0x0000000600000000, 0x0000000800000000)
  region size 4096K, 1 young (4096K), 1 survivors (4096K)
 Metaspace       used 161176K, committed 163520K, reserved 1245184K
  class space    used 20649K, committed 21824K, reserved 1048576K
}
Event: 406.209 GC heap before
{Heap before GC invocations=122 (full 0):
 garbage-first heap   total 602112K, used 198016K [0x0000000600000000, 0x0000000800000000)
  region size 4096K, 7 young (28672K), 1 survivors (4096K)
 Metaspace       used 161237K, committed 163584K, reserved 1245184K
  class space    used 20649K, committed 21824K, reserved 1048576K
}

Dll operation events (15 events):
Event: 0.057 Loaded shared library C:\Users\sree0\.vscode\extensions\redhat.java-1.55.0-win32-x64\jre\21.0.11-win32-x86_64\bin\java.dll
Event: 0.346 Loaded shared library C:\Users\sree0\.vscode\extensions\redhat.java-1.55.0-win32-x64\jre\21.0.11-win32-x86_64\bin\zip.dll
Event: 0.368 Loaded shared library C:\Users\sree0\.vscode\extensions\redhat.java-1.55.0-win32-x64\jre\21.0.11-win32-x86_64\bin\instrument.dll
Event: 0.383 Loaded shared library C:\Users\sree0\.vscode\extensions\redhat.java-1.55.0-win32-x64\jre\21.0.11-win32-x86_64\bin\net.dll
Event: 0.386 Loaded shared library C:\Users\sree0\.vscode\extensions\redhat.java-1.55.0-win32-x64\jre\21.0.11-win32-x86_64\bin\nio.dll
Event: 0.395 Loaded shared library C:\Users\sree0\.vscode\extensions\redhat.java-1.55.0-win32-x64\jre\21.0.11-win32-x86_64\bin\zip.dll
Event: 2.280 Loaded shared library C:\Users\sree0\.vscode\extensions\redhat.java-1.55.0-win32-x64\jre\21.0.11-win32-x86_64\bin\jimage.dll
Event: 3.096 Loaded shared library C:\Users\sree0\.vscode\extensions\redhat.java-1.55.0-win32-x64\jre\21.0.11-win32-x86_64\bin\verify.dll
Event: 3.158 Loaded shared library C:\Users\sree0\.gradle\native\1def1411415f61bf3af743bc5b6707747c0891f09f0c88961ee8f79bc544acac\windows-amd64\native-platform.dll
Event: 3.172 Loaded shared library C:\Users\sree0\.gradle\native\0.2.8\x86_64-windows-gnu\gradle-fileevents.dll
Event: 6.736 Loaded shared library C:\Users\sree0\.vscode\extensions\redhat.java-1.55.0-win32-x64\jre\21.0.11-win32-x86_64\bin\management.dll
Event: 6.740 Loaded shared library C:\Users\sree0\.vscode\extensions\redhat.java-1.55.0-win32-x64\jre\21.0.11-win32-x86_64\bin\management_ext.dll
Event: 7.246 Loaded shared library C:\Users\sree0\.vscode\extensions\redhat.java-1.55.0-win32-x64\jre\21.0.11-win32-x86_64\bin\extnet.dll
Event: 7.661 Loaded shared library C:\Users\sree0\.vscode\extensions\redhat.java-1.55.0-win32-x64\jre\21.0.11-win32-x86_64\bin\sunmscapi.dll
Event: 279.149 Loaded shared library C:\Users\sree0\.vscode\extensions\redhat.java-1.55.0-win32-x64\jre\21.0.11-win32-x86_64\bin\rmi.dll

Deoptimization events (20 events):
Event: 397.535 Thread 0x000001a643d08170 Uncommon trap: trap_request=0xffffff45 fr.pc=0x000001a5c8184b68 relative=0x0000000000000328
Event: 397.535 Thread 0x000001a643d08170 Uncommon trap: reason=unstable_if action=reinterpret pc=0x000001a5c8184b68 method=java.lang.ref.ReferenceQueue.poll()Ljava/lang/ref/Reference; @ 4 c2
Event: 397.535 Thread 0x000001a643d08170 DEOPT PACKING pc=0x000001a5c8184b68 sp=0x0000002931bff050
Event: 397.535 Thread 0x000001a643d08170 DEOPT UNPACKING pc=0x000001a5c7b17ba2 sp=0x0000002931bfee98 mode 2
Event: 397.603 Thread 0x000001a62e68fcf0 Uncommon trap: trap_request=0xffffff45 fr.pc=0x000001a5c90f0e90 relative=0x00000000000018d0
Event: 397.603 Thread 0x000001a62e68fcf0 Uncommon trap: reason=unstable_if action=reinterpret pc=0x000001a5c90f0e90 method=com.sun.org.apache.xerces.internal.impl.XMLEntityScanner.peekChar()I @ 51 c2
Event: 397.603 Thread 0x000001a62e68fcf0 DEOPT PACKING pc=0x000001a5c90f0e90 sp=0x000000292f2fd080
Event: 397.604 Thread 0x000001a62e68fcf0 DEOPT UNPACKING pc=0x000001a5c7b17ba2 sp=0x000000292f2fcfe0 mode 2
Event: 397.604 Thread 0x000001a62e68fcf0 Uncommon trap: trap_request=0xffffff45 fr.pc=0x000001a5c84ebb4c relative=0x000000000000010c
Event: 397.604 Thread 0x000001a62e68fcf0 Uncommon trap: reason=unstable_if action=reinterpret pc=0x000001a5c84ebb4c method=com.sun.org.apache.xerces.internal.impl.XMLEntityScanner.peekChar()I @ 51 c2
Event: 397.604 Thread 0x000001a62e68fcf0 DEOPT PACKING pc=0x000001a5c84ebb4c sp=0x000000292f2fd040
Event: 397.604 Thread 0x000001a62e68fcf0 DEOPT UNPACKING pc=0x000001a5c7b17ba2 sp=0x000000292f2fcfd0 mode 2
Event: 397.612 Thread 0x000001a62e68fcf0 Uncommon trap: trap_request=0xffffff45 fr.pc=0x000001a5c9083df4 relative=0x0000000000000554
Event: 397.612 Thread 0x000001a62e68fcf0 Uncommon trap: reason=unstable_if action=reinterpret pc=0x000001a5c9083df4 method=com.sun.org.apache.xerces.internal.impl.XMLEntityScanner.scanContent(Lcom/sun/org/apache/xerces/internal/xni/XMLString;)I @ 275 c2
Event: 397.612 Thread 0x000001a62e68fcf0 DEOPT PACKING pc=0x000001a5c9083df4 sp=0x000000292f2fcf40
Event: 397.612 Thread 0x000001a62e68fcf0 DEOPT UNPACKING pc=0x000001a5c7b17ba2 sp=0x000000292f2fcef8 mode 2
Event: 405.325 Thread 0x000001a62b83bd40 Uncommon trap: trap_request=0xfffffff4 fr.pc=0x000001a5c911daa0 relative=0x0000000000000100
Event: 405.325 Thread 0x000001a62b83bd40 Uncommon trap: reason=null_check action=make_not_entrant pc=0x000001a5c911daa0 method=org.gradle.tooling.internal.provider.runner.ClientBuildEventGenerator$Disabled.accept(Lorg/gradle/internal/operations/BuildOperationDescriptor;)Lorg/gradle/tooling/inter
Event: 405.326 Thread 0x000001a62b83bd40 DEOPT PACKING pc=0x000001a5c911daa0 sp=0x000000292d9f7060
Event: 405.326 Thread 0x000001a62b83bd40 DEOPT UNPACKING pc=0x000001a5c7b17ba2 sp=0x000000292d9f6fe8 mode 2

Classes loaded (20 events):
Event: 279.379 Loading class sun/rmi/transport/DGCAckHandler$1
Event: 279.380 Loading class sun/rmi/transport/DGCAckHandler$1 done
Event: 279.394 Loading class sun/rmi/transport/tcp/TCPTransport$ConnectionHandler
Event: 279.395 Loading class sun/rmi/transport/tcp/TCPTransport$ConnectionHandler done
Event: 279.400 Loading class sun/rmi/transport/Transport$1
Event: 279.400 Loading class sun/rmi/transport/Transport$1 done
Event: 279.401 Loading class sun/rmi/transport/DGCImpl$LeaseInfo
Event: 279.402 Loading class sun/rmi/transport/DGCImpl$LeaseInfo done
Event: 279.402 Loading class sun/rmi/transport/DGCImpl$1
Event: 279.402 Loading class sun/rmi/transport/DGCImpl$1 done
Event: 279.402 Loading class sun/rmi/transport/SequenceEntry
Event: 279.402 Loading class sun/rmi/transport/SequenceEntry done
Event: 371.837 Loading class java/nio/file/Files$2
Event: 371.841 Loading class java/nio/file/Files$2 done
Event: 392.480 Loading class com/sun/org/apache/xerces/internal/util/EncodingMap
Event: 392.709 Loading class com/sun/org/apache/xerces/internal/util/EncodingMap done
Event: 392.746 Loading class sun/nio/cs/ISO_8859_1$Decoder
Event: 392.755 Loading class sun/nio/cs/ISO_8859_1$Decoder done
Event: 397.537 Loading class sun/rmi/transport/DGCClient$EndpointEntry$CleanRequest
Event: 397.547 Loading class sun/rmi/transport/DGCClient$EndpointEntry$CleanRequest done

Classes unloaded (0 events):
No events

Classes redefined (0 events):
No events

Internal exceptions (20 events):
Event: 279.171 Thread 0x000001a643d08170 Exception <a 'java/lang/NoSuchMethodError'{0x0000000617175f90}: 'java.lang.Object java.lang.invoke.DirectMethodHandle$Holder.invokeSpecial(java.lang.Object, java.lang.Object, int, java.lang.Object, long)'> (0x0000000617175f90) 
thrown [s\src\hotspot\share\interpreter\linkResolver.cpp, line 773]
Event: 279.172 Thread 0x000001a643d08170 Exception <a 'java/lang/NoSuchMethodError'{0x000000061717c9a8}: 'java.lang.Object java.lang.invoke.DirectMethodHandle$Holder.newInvokeSpecial(java.lang.Object, java.lang.Object, int, java.lang.Object, long)'> (0x000000061717c9a8) 
thrown [s\src\hotspot\share\interpreter\linkResolver.cpp, line 773]
Event: 279.224 Thread 0x000001a643a6d740 Exception <a 'java/lang/NoSuchMethodError'{0x00000006172829e8}: static Lorg/jetbrains/kotlin/daemon/common/CompileService$CallResult;.<clinit>()V> (0x00000006172829e8) 
thrown [s\src\hotspot\share\prims\jni.cpp, line 1111]
Event: 279.226 Thread 0x000001a643a6d740 Exception <a 'java/lang/NoSuchMethodError'{0x000000061728ea58}: static Lorg/jetbrains/kotlin/daemon/common/CompileService$CallResult$Good;.<clinit>()V> (0x000000061728ea58) 
thrown [s\src\hotspot\share\prims\jni.cpp, line 1111]
Event: 279.227 Thread 0x000001a643a6d740 Exception <a 'java/lang/NoSuchMethodError'{0x000000061729bae8}: static Lorg/jetbrains/kotlin/daemon/common/DaemonJVMOptions;.<clinit>()V> (0x000000061729bae8) 
thrown [s\src\hotspot\share\prims\jni.cpp, line 1111]
Event: 279.266 Thread 0x000001a643a6d740 Exception <a 'java/lang/NoSuchMethodError'{0x00000006172b5498}: static Lorg/jetbrains/kotlin/daemon/common/CompileService$CallResult$Ok;.<clinit>()V> (0x00000006172b5498) 
thrown [s\src\hotspot\share\prims\jni.cpp, line 1111]
Event: 279.342 Thread 0x000001a643a6d740 Exception <a 'java/lang/NoSuchMethodError'{0x0000000616dafb68}: static [Ljava/lang/Integer;.<clinit>()V> (0x0000000616dafb68) 
thrown [s\src\hotspot\share\prims\jni.cpp, line 1111]
Event: 362.926 Thread 0x000001a643a71250 Exception <a 'java/lang/NoSuchMethodError'{0x000000061698c8f8}: 'void java.lang.invoke.DirectMethodHandle$Holder.invokeInterface(java.lang.Object, java.lang.Object, int, java.lang.Object)'> (0x000000061698c8f8) 
thrown [s\src\hotspot\share\interpreter\linkResolver.cpp, line 773]
Event: 362.943 Thread 0x000001a643a71250 Exception <a 'java/lang/NoSuchMethodError'{0x000000061698ff68}: 'void java.lang.invoke.DelegatingMethodHandle$Holder.reinvoke_L(java.lang.Object, java.lang.Object, int, java.lang.Object)'> (0x000000061698ff68) 
thrown [s\src\hotspot\share\interpreter\linkResolver.cpp, line 773]
Event: 363.066 Thread 0x000001a643a71250 Exception <a 'java/lang/NoSuchMethodError'{0x00000006169ad6c0}: 'void java.lang.invoke.DelegatingMethodHandle$Holder.reinvoke_L(java.lang.Object, java.lang.Object, int, int, java.lang.Object, java.lang.Object)'> (0x00000006169ad6c0) 
thrown [s\src\hotspot\share\interpreter\linkResolver.cpp, line 773]
Event: 371.092 Thread 0x000001a6358369f0 Exception <a 'sun/nio/fs/WindowsException'{0x0000000617d95190}> (0x0000000617d95190) 
thrown [s\src\hotspot\share\prims\jni.cpp, line 520]
Event: 371.094 Thread 0x000001a6358369f0 Exception <a 'sun/nio/fs/WindowsException'{0x0000000617d97ad0}> (0x0000000617d97ad0) 
thrown [s\src\hotspot\share\prims\jni.cpp, line 520]
Event: 371.095 Thread 0x000001a6358369f0 Exception <a 'sun/nio/fs/WindowsException'{0x0000000617d9a100}> (0x0000000617d9a100) 
thrown [s\src\hotspot\share\prims\jni.cpp, line 520]
Event: 371.095 Thread 0x000001a6358369f0 Exception <a 'sun/nio/fs/WindowsException'{0x0000000617d9c468}> (0x0000000617d9c468) 
thrown [s\src\hotspot\share\prims\jni.cpp, line 520]
Event: 371.190 Thread 0x000001a635833570 Exception <a 'sun/nio/fs/WindowsException'{0x000000061659a628}> (0x000000061659a628) 
thrown [s\src\hotspot\share\prims\jni.cpp, line 520]
Event: 371.191 Thread 0x000001a635833570 Exception <a 'sun/nio/fs/WindowsException'{0x000000061659cd00}> (0x000000061659cd00) 
thrown [s\src\hotspot\share\prims\jni.cpp, line 520]
Event: 371.191 Thread 0x000001a635833570 Exception <a 'sun/nio/fs/WindowsException'{0x000000061659eec0}> (0x000000061659eec0) 
thrown [s\src\hotspot\share\prims\jni.cpp, line 520]
Event: 371.231 Thread 0x000001a635833570 Exception <a 'sun/nio/fs/WindowsException'{0x00000006165aec78}> (0x00000006165aec78) 
thrown [s\src\hotspot\share\prims\jni.cpp, line 520]
Event: 372.665 Thread 0x000001a62b83bd40 Implicit null exception at 0x000001a5c8d9720c to 0x000001a5c8d97780
Event: 405.325 Thread 0x000001a62b83bd40 Implicit null exception at 0x000001a5c911d9ea to 0x000001a5c911da94

ZGC Phase Switch (0 events):
No events

VM Operations (20 events):
Event: 397.513 Executing safepoint VM operation: G1CollectForAllocation (G1 Evacuation Pause) done
Event: 397.740 Executing safepoint VM operation: G1CollectForAllocation (G1 Evacuation Pause)
Event: 397.834 Executing safepoint VM operation: G1CollectForAllocation (G1 Evacuation Pause) done
Event: 398.835 Executing safepoint VM operation: Cleanup
Event: 398.835 Executing safepoint VM operation: Cleanup done
Event: 399.835 Executing safepoint VM operation: Cleanup
Event: 399.835 Executing safepoint VM operation: Cleanup done
Event: 400.835 Executing safepoint VM operation: Cleanup
Event: 400.839 Executing safepoint VM operation: Cleanup done
Event: 401.839 Executing safepoint VM operation: Cleanup
Event: 401.871 Executing safepoint VM operation: Cleanup done
Event: 402.871 Executing safepoint VM operation: Cleanup
Event: 402.871 Executing safepoint VM operation: Cleanup done
Event: 403.887 Executing safepoint VM operation: Cleanup
Event: 403.887 Executing safepoint VM operation: Cleanup done
Event: 404.899 Executing safepoint VM operation: Cleanup
Event: 404.899 Executing safepoint VM operation: Cleanup done
Event: 405.913 Executing safepoint VM operation: Cleanup
Event: 405.944 Executing safepoint VM operation: Cleanup done
Event: 406.208 Executing safepoint VM operation: G1CollectForAllocation (G1 Evacuation Pause)

Memory protections (0 events):
No events

Nmethod flushes (20 events):
Event: 261.480 Thread 0x000001a5e413f8c0 flushing  nmethod 0x000001a5b8686e90
Event: 261.480 Thread 0x000001a5e413f8c0 flushing  nmethod 0x000001a5b8768610
Event: 261.480 Thread 0x000001a5e413f8c0 flushing  nmethod 0x000001a5b8de8b90
Event: 261.480 Thread 0x000001a5e413f8c0 flushing  nmethod 0x000001a5b94c7b90
Event: 261.480 Thread 0x000001a5e413f8c0 flushing  nmethod 0x000001a5b94c8390
Event: 261.480 Thread 0x000001a5e413f8c0 flushing  nmethod 0x000001a5b9764810
Event: 261.480 Thread 0x000001a5e413f8c0 flushing  nmethod 0x000001a5b9adb790
Event: 261.480 Thread 0x000001a5e413f8c0 flushing  nmethod 0x000001a5b9f30c10
Event: 261.480 Thread 0x000001a5e413f8c0 flushing  nmethod 0x000001a5ba493810
Event: 261.480 Thread 0x000001a5e413f8c0 flushing  nmethod 0x000001a5ba494090
Event: 261.480 Thread 0x000001a5e413f8c0 flushing  nmethod 0x000001a5ba494410
Event: 261.480 Thread 0x000001a5e413f8c0 flushing  nmethod 0x000001a5ba494e90
Event: 261.480 Thread 0x000001a5e413f8c0 flushing  nmethod 0x000001a5ba495510
Event: 261.480 Thread 0x000001a5e413f8c0 flushing  nmethod 0x000001a5ba495c90
Event: 261.480 Thread 0x000001a5e413f8c0 flushing  nmethod 0x000001a5ba496a90
Event: 261.480 Thread 0x000001a5e413f8c0 flushing  nmethod 0x000001a5ba496e10
Event: 261.480 Thread 0x000001a5e413f8c0 flushing  nmethod 0x000001a5ba497890
Event: 261.480 Thread 0x000001a5e413f8c0 flushing  nmethod 0x000001a5ba498790
Event: 261.480 Thread 0x000001a5e413f8c0 flushing  nmethod 0x000001a5ba4fe110
Event: 261.480 Thread 0x000001a5e413f8c0 flushing  nmethod 0x000001a5ba502d90

Events (20 events):
Event: 214.660 Thread 0x000001a6358369f0 Thread added: 0x000001a643d0a240
Event: 214.660 Thread 0x000001a6358369f0 Thread added: 0x000001a644601690
Event: 214.920 Thread 0x000001a6358369f0 Thread added: 0x000001a6446023b0
Event: 214.920 Thread 0x000001a6358369f0 Thread added: 0x000001a644601000
Event: 218.240 Thread 0x000001a62d0dea30 Thread exited: 0x000001a62d0dea30
Event: 268.222 Thread 0x000001a643d08170 Thread exited: 0x000001a643d08170
Event: 269.260 Thread 0x000001a62b8603c0 Thread added: 0x000001a6446051a0
Event: 277.471 Thread 0x000001a6358369f0 Thread added: 0x000001a643a6d740
Event: 277.686 Thread 0x000001a643a6d740 Thread added: 0x000001a643d09bb0
Event: 278.555 Thread 0x000001a643d09bb0 Thread exited: 0x000001a643d09bb0
Event: 279.134 Thread 0x000001a643a6d740 Thread added: 0x000001a643d09bb0
Event: 279.146 Thread 0x000001a643a6d740 Thread added: 0x000001a643d08170
Event: 279.155 Thread 0x000001a643a6d740 Thread added: 0x000001a62e68dc20
Event: 279.332 Thread 0x000001a643a6d740 Thread added: 0x000001a62d0dea30
Event: 279.332 Thread 0x000001a643a6d740 Thread added: 0x000001a62e68e2b0
Event: 279.395 Thread 0x000001a62d0dea30 Thread added: 0x000001a643a71250
Event: 329.526 Thread 0x000001a6446051a0 Thread exited: 0x000001a6446051a0
Event: 354.420 Thread 0x000001a643a71250 Thread exited: 0x000001a643a71250
Event: 362.525 Thread 0x000001a62d0dea30 Thread added: 0x000001a643a71250
Event: 397.585 Thread 0x000001a643d08170 Thread exited: 0x000001a643d08170


Dynamic libraries:
0x00007ff714b30000 - 0x00007ff714b3e000 	C:\Users\sree0\.vscode\extensions\redhat.java-1.55.0-win32-x64\jre\21.0.11-win32-x86_64\bin\java.exe
0x00007ff9b82e0000 - 0x00007ff9b8546000 	C:\WINDOWS\SYSTEM32\ntdll.dll
0x00007ff9b7980000 - 0x00007ff9b7a49000 	C:\WINDOWS\System32\KERNEL32.DLL
0x00007ff9b5890000 - 0x00007ff9b5c8e000 	C:\WINDOWS\System32\KERNELBASE.dll
0x00007ff9b5500000 - 0x00007ff9b564c000 	C:\WINDOWS\System32\ucrtbase.dll
0x00007ff9a6510000 - 0x00007ff9a6528000 	C:\Users\sree0\.vscode\extensions\redhat.java-1.55.0-win32-x64\jre\21.0.11-win32-x86_64\bin\jli.dll
0x00007ff9b77b0000 - 0x00007ff9b7977000 	C:\WINDOWS\System32\USER32.dll
0x00007ff9b5ca0000 - 0x00007ff9b5cc7000 	C:\WINDOWS\System32\win32u.dll
0x00007ff9b7c80000 - 0x00007ff9b7cab000 	C:\WINDOWS\System32\GDI32.dll
0x00007ff9b5ee0000 - 0x00007ff9b600a000 	C:\WINDOWS\System32\gdi32full.dll
0x00007ff9b5720000 - 0x00007ff9b57c3000 	C:\WINDOWS\System32\msvcp_win.dll
0x00007ff9a64f0000 - 0x00007ff9a650e000 	C:\Users\sree0\.vscode\extensions\redhat.java-1.55.0-win32-x64\jre\21.0.11-win32-x86_64\bin\VCRUNTIME140.dll
0x00007ff9a0770000 - 0x00007ff9a0a02000 	C:\WINDOWS\WinSxS\amd64_microsoft.windows.common-controls_6595b64144ccf1df_6.0.26100.8894_none_3e0f749ee32e02ea\COMCTL32.dll
0x00007ff9b7330000 - 0x00007ff9b73d9000 	C:\WINDOWS\System32\msvcrt.dll
0x00007ff9b7cb0000 - 0x00007ff9b7ce2000 	C:\WINDOWS\System32\IMM32.DLL
0x00007ff9a64e0000 - 0x00007ff9a64ec000 	C:\Users\sree0\.vscode\extensions\redhat.java-1.55.0-win32-x64\jre\21.0.11-win32-x86_64\bin\vcruntime140_1.dll
0x00007ff9a6450000 - 0x00007ff9a64dd000 	C:\Users\sree0\.vscode\extensions\redhat.java-1.55.0-win32-x64\jre\21.0.11-win32-x86_64\bin\msvcp140.dll
0x00007ff921340000 - 0x00007ff9220e2000 	C:\Users\sree0\.vscode\extensions\redhat.java-1.55.0-win32-x64\jre\21.0.11-win32-x86_64\bin\server\jvm.dll
0x00007ff9b7ed0000 - 0x00007ff9b7f87000 	C:\WINDOWS\System32\ADVAPI32.dll
0x00007ff9b6d90000 - 0x00007ff9b6e3a000 	C:\WINDOWS\System32\sechost.dll
0x00007ff9b73e0000 - 0x00007ff9b74f8000 	C:\WINDOWS\System32\RPCRT4.dll
0x00007ff9b6cc0000 - 0x00007ff9b6d40000 	C:\WINDOWS\System32\WS2_32.dll
0x00007ff9b5360000 - 0x00007ff9b53be000 	C:\WINDOWS\SYSTEM32\POWRPROF.dll
0x00007ff9ad080000 - 0x00007ff9ad0b6000 	C:\WINDOWS\SYSTEM32\WINMM.dll
0x00007ff9a6f50000 - 0x00007ff9a6f5b000 	C:\WINDOWS\SYSTEM32\VERSION.dll
0x00007ff9b5340000 - 0x00007ff9b5354000 	C:\WINDOWS\SYSTEM32\UMPDC.dll
0x00007ff9b41e0000 - 0x00007ff9b41fb000 	C:\WINDOWS\SYSTEM32\kernel.appcore.dll
0x00007ff9a61d0000 - 0x00007ff9a61da000 	C:\Users\sree0\.vscode\extensions\redhat.java-1.55.0-win32-x64\jre\21.0.11-win32-x86_64\bin\jimage.dll
0x00007ff9b2230000 - 0x00007ff9b2472000 	C:\WINDOWS\SYSTEM32\DBGHELP.DLL
0x00007ff9b6910000 - 0x00007ff9b6c93000 	C:\WINDOWS\System32\combase.dll
0x00007ff9b6830000 - 0x00007ff9b6909000 	C:\WINDOWS\System32\OLEAUT32.dll
0x00007ff990380000 - 0x00007ff9903bb000 	C:\WINDOWS\SYSTEM32\dbgcore.DLL
0x00007ff9b57d0000 - 0x00007ff9b587c000 	C:\WINDOWS\System32\bcryptPrimitives.dll
0x00007ff9a62c0000 - 0x00007ff9a62cf000 	C:\Users\sree0\.vscode\extensions\redhat.java-1.55.0-win32-x64\jre\21.0.11-win32-x86_64\bin\instrument.dll
0x00007ff9a60b0000 - 0x00007ff9a60d0000 	C:\Users\sree0\.vscode\extensions\redhat.java-1.55.0-win32-x64\jre\21.0.11-win32-x86_64\bin\java.dll
0x00007ff9b6010000 - 0x00007ff9b67a2000 	C:\WINDOWS\System32\SHELL32.dll
0x00007ff9b2f70000 - 0x00007ff9b3802000 	C:\WINDOWS\SYSTEM32\windows.storage.dll
0x00007ff9b8000000 - 0x00007ff9b80f7000 	C:\WINDOWS\System32\SHCORE.dll
0x00007ff9b7f90000 - 0x00007ff9b7ff7000 	C:\WINDOWS\System32\shlwapi.dll
0x00007ff9b5420000 - 0x00007ff9b5449000 	C:\WINDOWS\SYSTEM32\profapi.dll
0x00007ff9a6300000 - 0x00007ff9a6318000 	C:\Users\sree0\.vscode\extensions\redhat.java-1.55.0-win32-x64\jre\21.0.11-win32-x86_64\bin\zip.dll
0x00007ff9a62f0000 - 0x00007ff9a6300000 	C:\Users\sree0\.vscode\extensions\redhat.java-1.55.0-win32-x64\jre\21.0.11-win32-x86_64\bin\net.dll
0x00007ff9a7fc0000 - 0x00007ff9a80e7000 	C:\WINDOWS\SYSTEM32\WINHTTP.dll
0x00007ff9b4790000 - 0x00007ff9b47fc000 	C:\WINDOWS\system32\mswsock.dll
0x00007ff9a62d0000 - 0x00007ff9a62e6000 	C:\Users\sree0\.vscode\extensions\redhat.java-1.55.0-win32-x64\jre\21.0.11-win32-x86_64\bin\nio.dll
0x00007ff9a6200000 - 0x00007ff9a6210000 	C:\Users\sree0\.vscode\extensions\redhat.java-1.55.0-win32-x64\jre\21.0.11-win32-x86_64\bin\verify.dll
0x00007ff9a5d10000 - 0x00007ff9a5d37000 	C:\Users\sree0\.gradle\native\1def1411415f61bf3af743bc5b6707747c0891f09f0c88961ee8f79bc544acac\windows-amd64\native-platform.dll
0x00007ff91db50000 - 0x00007ff91dbc7000 	C:\Users\sree0\.gradle\native\0.2.8\x86_64-windows-gnu\gradle-fileevents.dll
0x00007ff98eb50000 - 0x00007ff98eb5a000 	C:\Users\sree0\.vscode\extensions\redhat.java-1.55.0-win32-x64\jre\21.0.11-win32-x86_64\bin\management.dll
0x00007ff98e7f0000 - 0x00007ff98e7fc000 	C:\Users\sree0\.vscode\extensions\redhat.java-1.55.0-win32-x64\jre\21.0.11-win32-x86_64\bin\management_ext.dll
0x00007ff9b7a50000 - 0x00007ff9b7a58000 	C:\WINDOWS\System32\PSAPI.DLL
0x00007ff9b3bb0000 - 0x00007ff9b3be3000 	C:\WINDOWS\SYSTEM32\IPHLPAPI.DLL
0x00007ff9b6d80000 - 0x00007ff9b6d8a000 	C:\WINDOWS\System32\NSI.dll
0x00007ff98e5c0000 - 0x00007ff98e5c9000 	C:\Users\sree0\.vscode\extensions\redhat.java-1.55.0-win32-x64\jre\21.0.11-win32-x86_64\bin\extnet.dll
0x00007ff9b4ab0000 - 0x00007ff9b4acb000 	C:\WINDOWS\SYSTEM32\CRYPTSP.dll
0x00007ff9b4140000 - 0x00007ff9b4179000 	C:\WINDOWS\system32\rsaenh.dll
0x00007ff9b4850000 - 0x00007ff9b4882000 	C:\WINDOWS\SYSTEM32\USERENV.dll
0x00007ff9b53f0000 - 0x00007ff9b541a000 	C:\WINDOWS\SYSTEM32\bcrypt.dll
0x00007ff9b4a90000 - 0x00007ff9b4a9c000 	C:\WINDOWS\SYSTEM32\CRYPTBASE.dll
0x00007ff979b90000 - 0x00007ff979b9e000 	C:\Users\sree0\.vscode\extensions\redhat.java-1.55.0-win32-x64\jre\21.0.11-win32-x86_64\bin\sunmscapi.dll
0x00007ff9b5d60000 - 0x00007ff9b5ed8000 	C:\WINDOWS\System32\CRYPT32.dll
0x00007ff9b4cd0000 - 0x00007ff9b4d00000 	C:\WINDOWS\SYSTEM32\ncrypt.dll
0x00007ff9b4c80000 - 0x00007ff9b4cbf000 	C:\WINDOWS\SYSTEM32\NTASN1.dll
0x00007ff9a32d0000 - 0x00007ff9a32d8000 	C:\WINDOWS\system32\wshunix.dll
0x00007ff9b3bf0000 - 0x00007ff9b3d46000 	C:\WINDOWS\SYSTEM32\DNSAPI.dll
0x00007ff9b4520000 - 0x00007ff9b452d000 	C:\WINDOWS\SYSTEM32\DSPARSE.dll
0x000000005bd70000 - 0x000000005bd96000 	C:\Program Files\Bonjour\mdnsNSP.dll
0x00007ff9a41e0000 - 0x00007ff9a41eb000 	C:\Windows\System32\rasadhlp.dll
0x00007ff9aeb60000 - 0x00007ff9aebe6000 	C:\WINDOWS\System32\fwpuclnt.dll
0x00007ff9a5e30000 - 0x00007ff9a5e37000 	C:\Users\sree0\.vscode\extensions\redhat.java-1.55.0-win32-x64\jre\21.0.11-win32-x86_64\bin\rmi.dll

JVMTI agents:
C:\Users\sree0\.gradle\wrapper\dists\gradle-9.1.0-all\7wzd0jkjit61aq2p43wpjgij9\gradle-9.1.0\lib\agents\gradle-instrumentation-agent-9.1.0.jar path:C:\Users\sree0\.vscode\extensions\redhat.java-1.55.0-win32-x64\jre\21.0.11-win32-x86_64\bin\instrument.dll, loaded, initialized, instrumentlib options:none

dbghelp: loaded successfully - version: 4.0.5 - missing functions: none
symbol engine: initialized successfully - sym options: 0x614 - pdb path: .;C:\Users\sree0\.vscode\extensions\redhat.java-1.55.0-win32-x64\jre\21.0.11-win32-x86_64\bin;C:\WINDOWS\SYSTEM32;C:\WINDOWS\WinSxS\amd64_microsoft.windows.common-controls_6595b64144ccf1df_6.0.26100.8894_none_3e0f749ee32e02ea;C:\Users\sree0\.vscode\extensions\redhat.java-1.55.0-win32-x64\jre\21.0.11-win32-x86_64\bin\server;C:\Users\sree0\.gradle\native\1def1411415f61bf3af743bc5b6707747c0891f09f0c88961ee8f79bc544acac\windows-amd64;C:\Users\sree0\.gradle\native\0.2.8\x86_64-windows-gnu;C:\Program Files\Bonjour

VM Arguments:
jvm_args: --add-opens=java.base/java.lang=ALL-UNNAMED --add-opens=java.base/java.lang.invoke=ALL-UNNAMED --add-opens=java.base/java.util=ALL-UNNAMED --add-opens=java.prefs/java.util.prefs=ALL-UNNAMED --add-exports=jdk.compiler/com.sun.tools.javac.api=ALL-UNNAMED --add-exports=jdk.compiler/com.sun.tools.javac.util=ALL-UNNAMED --add-opens=java.base/java.util=ALL-UNNAMED --add-opens=java.prefs/java.util.prefs=ALL-UNNAMED --add-opens=java.base/java.nio.charset=ALL-UNNAMED --add-opens=java.base/java.net=ALL-UNNAMED --add-opens=java.base/java.util.concurrent=ALL-UNNAMED --add-opens=java.base/java.util.concurrent.atomic=ALL-UNNAMED --add-opens=java.xml/javax.xml.namespace=ALL-UNNAMED --add-opens=java.base/java.time=ALL-UNNAMED -XX:MaxMetaspaceSize=4G -XX:ReservedCodeCacheSize=512m -XX:+HeapDumpOnOutOfMemoryError -Xmx8G -Dfile.encoding=UTF-8 -Duser.country=IN -Duser.language=en -Duser.variant -javaagent:C:\Users\sree0\.gradle\wrapper\dists\gradle-9.1.0-all\7wzd0jkjit61aq2p43wpjgij9\gradle-9.1.0\lib\agents\gradle-instrumentation-agent-9.1.0.jar 
java_command: org.gradle.launcher.daemon.bootstrap.GradleDaemon 9.1.0
java_class_path (initial): C:\Users\sree0\.gradle\wrapper\dists\gradle-9.1.0-all\7wzd0jkjit61aq2p43wpjgij9\gradle-9.1.0\lib\gradle-daemon-main-9.1.0.jar
Launcher Type: SUN_STANDARD

[Global flags]
     intx CICompilerCount                          = 3                                         {product} {ergonomic}
     uint ConcGCThreads                            = 1                                         {product} {ergonomic}
     uint G1ConcRefinementThreads                  = 4                                         {product} {ergonomic}
   size_t G1HeapRegionSize                         = 4194304                                   {product} {ergonomic}
    uintx GCDrainStackTargetSize                   = 64                                        {product} {ergonomic}
     bool HeapDumpOnOutOfMemoryError               = true                                   {manageable} {command line}
   size_t InitialHeapSize                          = 134217728                                 {product} {ergonomic}
   size_t MarkStackSize                            = 4194304                                   {product} {ergonomic}
   size_t MaxHeapSize                              = 8589934592                                {product} {command line}
   size_t MaxMetaspaceSize                         = 4294967296                                {product} {command line}
   size_t MaxNewSize                               = 5150605312                                {product} {ergonomic}
   size_t MinHeapDeltaBytes                        = 4194304                                   {product} {ergonomic}
   size_t MinHeapSize                              = 8388608                                   {product} {ergonomic}
    uintx NonNMethodCodeHeapSize                   = 5832780                                {pd product} {ergonomic}
    uintx NonProfiledCodeHeapSize                  = 265519066                              {pd product} {ergonomic}
    uintx ProfiledCodeHeapSize                     = 265519066                              {pd product} {ergonomic}
    uintx ReservedCodeCacheSize                    = 536870912                              {pd product} {command line}
     bool SegmentedCodeCache                       = true                                      {product} {ergonomic}
   size_t SoftMaxHeapSize                          = 8589934592                             {manageable} {ergonomic}
     bool UseCompressedOops                        = true                           {product lp64_product} {ergonomic}
     bool UseG1GC                                  = true                                      {product} {ergonomic}
     bool UseLargePagesIndividualAllocation        = false                                  {pd product} {ergonomic}

Logging:
Log output configuration:
 #0: stdout all=warning uptime,level,tags foldmultilines=false
 #1: stderr all=off uptime,level,tags foldmultilines=false

Release file:
JAVA_VERSION="21.0.11" 
MODULES="java.base java.compiler java.datatransfer java.xml java.prefs java.desktop java.instrument java.logging java.management java.security.sasl java.naming java.rmi java.management.rmi java.net.http java.scripting java.security.jgss java.transaction.xa java.sql java.sql.rowset java.xml.crypto java.se java.smartcardio jdk.accessibility jdk.internal.jvmstat jdk.attach jdk.charsets jdk.internal.opt jdk.zipfs jdk.compiler jdk.crypto.ec jdk.crypto.cryptoki jdk.crypto.mscapi jdk.dynalink jdk.internal.ed jdk.editpad jdk.hotspot.agent jdk.httpserver jdk.internal.le jdk.internal.vm.ci jdk.internal.vm.compiler jdk.internal.vm.compiler.management jdk.jartool jdk.javadoc jdk.jcmd jdk.management jdk.management.agent jdk.jconsole jdk.jdeps jdk.jdwp.agent jdk.jdi jdk.jfr jdk.jshell jdk.jsobject jdk.jstatd jdk.localedata jdk.management.jfr jdk.naming.dns jdk.naming.rmi jdk.net jdk.nio.mapmode jdk.random jdk.sctp jdk.security.auth jdk.security.jgss jdk.unsupported jdk.unsupported.desktop jdk.xml.dom" 

Environment Variables:
JAVA_HOME=C:\Program Files\Amazon Corretto\jdk11.0.23_9
PATH=C:\Program Files (x86)\VMware\VMware Workstation\bin\;C:\Program Files\Amazon Corretto\jdk11.0.23_9\bin;C:\Program Files\Common Files\Oracle\Java\javapath;C:\WINDOWS\system32;C:\WINDOWS;C:\WINDOWS\System32\Wbem;C:\WINDOWS\System32\WindowsPowerShell\v1.0\;C:\WINDOWS\System32\OpenSSH\;C:\Program Files\Git\cmd;C:\ProgramData\chocolatey\bin;C:\Program Files\MySQL\MySQL Server 8.0\bin;C:\Program Files\MongoDB\Server\8.0\bin;C:\Program Files\Amazon\AWSCLIV2\;C:\Program Files\Microsoft SQL Server\150\Tools\Binn\;C:\Program Files\dotnet\;C:\Program Files (x86)\Windows Kits\10\Windows Performance Toolkit\;C:\Users\sree0\AppData\Local\Programs\Python\Python38\Scripts\;C:\Users\sree0\AppData\Local\Programs\Python\Python38\;C:\Users\sree0\AppData\Local\Programs\Python\Python314\Scripts\;C:\Users\sree0\AppData\Local\Programs\Python\Python314\;C:\Program Files\MySQL\MySQL Shell 8.0\bin\;C:\Users\sree0\AppData\Local\Programs\Python\Python311\Scripts\;C:\Users\sree0\AppData\Local\Programs\Python\Python311\;C:\Users\sree0\AppData\Local\Microsoft\WindowsApps;C:\Users\sree0\AppData\Local\Programs\Microsoft VS Code\bin;C:\Program Files\JetBrains\PyCharm 2023.3.2\bin;C:\Program Files\JetBrains\CLion 2023.3.3\bin;C:\Users\sree0\Downloads\mongosh-2.3.3-win32-x64\mongosh-2.3.3-win32-x64\bin;C:\Users\sree0\Downloads\mongodb-database-tools-windows-x86_64-100.11.0\mongodb-database-tools-windows-x86_64-100.11.0\bin;C:\Users\sree0\.dotnet\tools;C:\Users\sree0\AppData\Local\Programs\Kiro\bin;C:\Users\sree0\Downloads\Dart\dart-sdk\bin;C:\Users\sree0\Downloads\flutter_windows_3.44.7-stable\flutter\bin
USERNAME=sree0
OS=Windows_NT
PROCESSOR_IDENTIFIER=Intel64 Family 6 Model 140 Stepping 2, GenuineIntel
TMP=C:\Users\sree0\AppData\Local\Temp
TEMP=C:\Users\sree0\AppData\Local\Temp




Periodic native trim disabled

---------------  S Y S T E M  ---------------

OS:
 Windows 11 , 64 bit Build 26100 (10.0.26100.8875)
OS uptime: 0 days 0:09 hours
Hyper-V role detected

CPU: total 4 (initial active 4) (2 cores per cpu, 2 threads per core) family 6 model 140 stepping 2 microcode 0x26, cx8, cmov, fxsr, ht, mmx, 3dnowpref, sse, sse2, sse3, ssse3, sse4.1, sse4.2, popcnt, lzcnt, tsc, tscinvbit, avx, avx2, aes, erms, clmul, bmi1, bmi2, adx, avx512f, avx512dq, avx512cd, avx512bw, avx512vl, sha, fma, vzeroupper, avx512_vpopcntdq, avx512_vpclmulqdq, avx512_vaes, avx512_vnni, clflush, clflushopt, clwb, avx512_vbmi2, avx512_vbmi, hv, rdtscp, rdpid, fsrm, gfni, avx512_bitalg, f16c, cet_ibt, cet_ss, avx512_ifma
Processor Information for the first 4 processors :
  Max Mhz: 2995, Current Mhz: 2995, Mhz Limit: 2995

Memory: 4k page, system-wide physical 7975M (226M free)
TotalPageFile size 17208M (AvailPageFile size 170M)
current process WorkingSet (physical memory assigned to process): 445M, peak: 860M
current process commit charge ("private bytes"): 1182M, peak: 1634M

vm_info: OpenJDK 64-Bit Server VM (21.0.11+10-LTS) for windows-amd64 JRE (21.0.11+10-LTS), built on 2026-04-21T00:00:00Z by "admin" with MS VC++ 17.12 (VS2022)

END.
